Component: ARM Compiler 5.06 update 4 (build 422) Tool: armlink [4d35d2]

==============================================================================

Section Cross References

    startup_stm32h743xx.o(RESET) refers to startup_stm32h743xx.o(STACK) for __initial_sp
    startup_stm32h743xx.o(RESET) refers to startup_stm32h743xx.o(.text) for Reset_Handler
    startup_stm32h743xx.o(RESET) refers to stm32h7xx_it.o(i.NMI_Handler) for NMI_Handler
    startup_stm32h743xx.o(RESET) refers to stm32h7xx_it.o(i.HardFault_Handler) for HardFault_Handler
    startup_stm32h743xx.o(RESET) refers to stm32h7xx_it.o(i.MemManage_Handler) for MemManage_Handler
    startup_stm32h743xx.o(RESET) refers to stm32h7xx_it.o(i.BusFault_Handler) for BusFault_Handler
    startup_stm32h743xx.o(RESET) refers to stm32h7xx_it.o(i.UsageFault_Handler) for UsageFault_Handler
    startup_stm32h743xx.o(RESET) refers to port.o(.emb_text) for SVC_Handler
    startup_stm32h743xx.o(RESET) refers to stm32h7xx_it.o(i.DebugMon_Handler) for DebugMon_Handler
    startup_stm32h743xx.o(RESET) refers to port.o(i.SysTick_Handler) for SysTick_Handler
    startup_stm32h743xx.o(RESET) refers to stm32h7xx_it.o(i.DMA1_Stream0_IRQHandler) for DMA1_Stream0_IRQHandler
    startup_stm32h743xx.o(RESET) refers to stm32h7xx_it.o(i.DMA1_Stream1_IRQHandler) for DMA1_Stream1_IRQHandler
    startup_stm32h743xx.o(RESET) refers to stm32h7xx_it.o(i.DMA1_Stream4_IRQHandler) for DMA1_Stream4_IRQHandler
    startup_stm32h743xx.o(RESET) refers to stm32h7xx_it.o(i.FDCAN1_IT0_IRQHandler) for FDCAN1_IT0_IRQHandler
    startup_stm32h743xx.o(RESET) refers to stm32h7xx_it.o(i.TIM2_IRQHandler) for TIM2_IRQHandler
    startup_stm32h743xx.o(RESET) refers to stm32h7xx_it.o(i.USART1_IRQHandler) for USART1_IRQHandler
    startup_stm32h743xx.o(.text) refers to system_stm32h7xx.o(i.SystemInit) for SystemInit
    startup_stm32h743xx.o(.text) refers to entry.o(.ARM.Collect$$$$00000000) for __main
    main.o(i.HAL_TIM_PeriodElapsedCallback) refers to stm32h7xx_hal.o(i.HAL_IncTick) for HAL_IncTick
    main.o(i.SystemClock_Config) refers to memseta.o(.text) for __aeabi_memclr4
    main.o(i.SystemClock_Config) refers to stm32h7xx_hal_pwr_ex.o(i.HAL_PWREx_ConfigSupply) for HAL_PWREx_ConfigSupply
    main.o(i.SystemClock_Config) refers to stm32h7xx_hal_rcc.o(i.HAL_RCC_OscConfig) for HAL_RCC_OscConfig
    main.o(i.SystemClock_Config) refers to stm32h7xx_hal_rcc.o(i.HAL_RCC_ClockConfig) for HAL_RCC_ClockConfig
    main.o(i.main) refers to stm32h7xx_hal.o(i.HAL_Init) for HAL_Init
    main.o(i.main) refers to main.o(i.SystemClock_Config) for SystemClock_Config
    main.o(i.main) refers to gpio.o(i.MX_GPIO_Init) for MX_GPIO_Init
    main.o(i.main) refers to dma.o(i.MX_DMA_Init) for MX_DMA_Init
    main.o(i.main) refers to usart.o(i.MX_USART1_UART_Init) for MX_USART1_UART_Init
    main.o(i.main) refers to fdcan.o(i.MX_FDCAN1_Init) for MX_FDCAN1_Init
    main.o(i.main) refers to adc.o(i.MX_ADC1_Init) for MX_ADC1_Init
    main.o(i.main) refers to stm32h7xx_hal_uart_ex.o(i.HAL_UARTEx_ReceiveToIdle_DMA) for HAL_UARTEx_ReceiveToIdle_DMA
    main.o(i.main) refers to stm32h7xx_hal_adc.o(i.HAL_ADC_Start_DMA) for HAL_ADC_Start_DMA
    main.o(i.main) refers to freertos.o(i.MX_FREERTOS_Init) for MX_FREERTOS_Init
    main.o(i.main) refers to cmsis_os.o(i.osKernelStart) for osKernelStart
    main.o(i.main) refers to bsp_usart1.o(.bss) for xUART1
    main.o(i.main) refers to usart.o(.bss) for huart1
    main.o(i.main) refers to main.o(.data) for .data
    main.o(i.main) refers to adc.o(.bss) for hadc1
    gpio.o(i.MX_GPIO_Init) refers to memseta.o(.text) for __aeabi_memclr4
    gpio.o(i.MX_GPIO_Init) refers to stm32h7xx_hal_gpio.o(i.HAL_GPIO_Init) for HAL_GPIO_Init
    freertos.o(i.MX_FREERTOS_Init) refers to cmsis_os.o(i.osMutexCreate) for osMutexCreate
    freertos.o(i.MX_FREERTOS_Init) refers to cmsis_os.o(i.osSemaphoreCreate) for osSemaphoreCreate
    freertos.o(i.MX_FREERTOS_Init) refers to memcpya.o(.text) for __aeabi_memcpy4
    freertos.o(i.MX_FREERTOS_Init) refers to cmsis_os.o(i.osThreadCreate) for osThreadCreate
    freertos.o(i.MX_FREERTOS_Init) refers to freertos.o(.data) for .data
    freertos.o(i.MX_FREERTOS_Init) refers to freertos.o(.constdata) for .constdata
    freertos.o(i.detect_Task) refers to cmsis_os.o(i.osDelay) for osDelay
    freertos.o(i.motor_Task) refers to cmsis_os.o(i.osDelay) for osDelay
    freertos.o(i.profile_Task) refers to cmsis_os.o(i.osDelay) for osDelay
    freertos.o(i.vApplicationGetIdleTaskMemory) refers to freertos.o(.bss) for .bss
    freertos.o(i.vApplicationStackOverflowHook) refers to bsp_usart1.o(i.usart1_printf) for usart1_printf
    freertos.o(.constdata) refers to freertos.o(.conststring) for .conststring
    freertos.o(.constdata) refers to detect_task.o(i.detect_Task) for detect_Task
    freertos.o(.constdata) refers to motor_task.o(i.motor_Task) for motor_Task
    freertos.o(.constdata) refers to profile_task.o(i.profile_Task) for profile_Task
[...]
    i.xTaskIncrementTick                     0x08009434   Section        0  tasks.o(i.xTaskIncrementTick)
    i.xTaskNotifyWait                        0x08009508   Section        0  tasks.o(i.xTaskNotifyWait)
    i.xTaskPriorityDisinherit                0x08009598   Section        0  tasks.o(i.xTaskPriorityDisinherit)
    i.xTaskPriorityInherit                   0x08009634   Section        0  tasks.o(i.xTaskPriorityInherit)
    i.xTaskRemoveFromEventList               0x080096c8   Section        0  tasks.o(i.xTaskRemoveFromEventList)
    i.xTaskResumeAll                         0x08009740   Section        0  tasks.o(i.xTaskResumeAll)
    .constdata                               0x0800980c   Section       84  freertos.o(.constdata)
    .constdata                               0x08009860   Section        8  stm32h7xx_hal_dma.o(.constdata)
    flagBitshiftOffset                       0x08009860   Data           8  stm32h7xx_hal_dma.o(.constdata)
    .constdata                               0x08009868   Section       92  stm32h7xx_hal_fdcan.o(.constdata)
    DLCtoBytes                               0x08009868   Data          16  stm32h7xx_hal_fdcan.o(.constdata)
    .constdata                               0x080098c4   Section       24  stm32h7xx_hal_uart.o(.constdata)
    .constdata                               0x080098dc   Section       16  stm32h7xx_hal_uart_ex.o(.constdata)
    numerator                                0x080098dc   Data           8  stm32h7xx_hal_uart_ex.o(.constdata)
    denominator                              0x080098e4   Data           8  stm32h7xx_hal_uart_ex.o(.constdata)
    .constdata                               0x080098ec   Section       16  system_stm32h7xx.o(.constdata)
    .constdata                               0x080098fc   Section        6  detect_task.o(.constdata)
    .conststring                             0x08009904   Section       23  freertos.o(.conststring)
    .data                                    0x24000000   Section        2  main.o(.data)
    .data                                    0x24000004   Section       20  freertos.o(.data)
    .data                                    0x24000018   Section       12  stm32h7xx_hal.o(.data)
    .data                                    0x24000024   Section        8  system_stm32h7xx.o(.data)
    .data                                    0x2400002c   Section       12  bsp_usart1.o(.data)
    len                                      0x2400002c   Data           2  bsp_usart1.o(.data)
    len                                      0x2400002e   Data           2  bsp_usart1.o(.data)
    ap                                       0x24000030   Data           4  bsp_usart1.o(.data)
    args                                     0x24000034   Data           4  bsp_usart1.o(.data)
    .data                                    0x24000038   Section       12  bsp_fdcan.o(.data)
    .data                                    0x24000044   Section       60  tasks.o(.data)
    uxDeletedTasksWaitingCleanUp             0x24000048   Data           4  tasks.o(.data)
    uxCurrentNumberOfTasks                   0x2400004c   Data           4  tasks.o(.data)
    xTickCount                               0x24000050   Data           4  tasks.o(.data)
    uxTopReadyPriority                       0x24000054   Data           4  tasks.o(.data)
    xSchedulerRunning                        0x24000058   Data           4  tasks.o(.data)
    xPendedTicks                             0x2400005c   Data           4  tasks.o(.data)
    xYieldPending                            0x24000060   Data           4  tasks.o(.data)
    xNumOfOverflows                          0x24000064   Data           4  tasks.o(.data)
    uxTaskNumber                             0x24000068   Data           4  tasks.o(.data)
    xNextTaskUnblockTime                     0x2400006c   Data           4  tasks.o(.data)
    xIdleTaskHandle                          0x24000070   Data           4  tasks.o(.data)
    uxSchedulerSuspended                     0x24000074   Data           4  tasks.o(.data)
    pxDelayedTaskList                        0x24000078   Data           4  tasks.o(.data)
    pxOverflowDelayedTaskList                0x2400007c   Data           4  tasks.o(.data)
    .data                                    0x24000080   Section       32  heap_4.o(.data)
    pxEnd                                    0x24000080   Data           4  heap_4.o(.data)
    xFreeBytesRemaining                      0x24000084   Data           4  heap_4.o(.data)
    xMinimumEverFreeBytesRemaining           0x24000088   Data           4  heap_4.o(.data)
    xNumberOfSuccessfulAllocations           0x2400008c   Data           4  heap_4.o(.data)
    xNumberOfSuccessfulFrees                 0x24000090   Data           4  heap_4.o(.data)
    xBlockAllocatedBit                       0x24000094   Data           4  heap_4.o(.data)
    xStart                                   0x24000098   Data           8  heap_4.o(.data)
    .data                                    0x240000a0   Section       12  port.o(.data)
    ucMaxSysCallPriority                     0x240000a0   Data           1  port.o(.data)
    uxCriticalNesting                        0x240000a4   Data           4  port.o(.data)
    ulMaxPRIGROUPValue                       0x240000a8   Data           4  port.o(.data)
    .data                                    0x240000ac   Section        8  detect_task.o(.data)
    error_num_display                        0x240000ac   Data           1  detect_task.o(.data)
    system_time                              0x240000b0   Data           4  detect_task.o(.data)
    .data                                    0x240000b4   Section        1  globals.o(.data)
    .data                                    0x240000b8   Section        4  globals.o(.data)
    .data                                    0x240000bc   Section        4  globals.o(.data)
    .data                                    0x240000c0   Section        4  globals.o(.data)
    .data                                    0x240000c4   Section        4  globals.o(.data)
    .data                                    0x240000c8   Section        4  globals.o(.data)
    .data                                    0x240000cc   Section        4  globals.o(.data)
    .data                                    0x240000d0   Section        4  globals.o(.data)
    .data                                    0x240000d4   Section        4  globals.o(.data)
    .data                                    0x240000d8   Section        4  globals.o(.data)
    .bss                                     0x240000dc   Section      596  freertos.o(.bss)
    xIdleTaskTCBBuffer                       0x240000dc   Data          84  freertos.o(.bss)
    xIdleStack                               0x24000130   Data         512  freertos.o(.bss)
    .bss                                     0x24000330   Section      220  adc.o(.bss)
    .bss                                     0x2400040c   Section      160  fdcan.o(.bss)
    .bss                                     0x240004ac   Section      384  usart.o(.bss)
    .bss                                     0x2400062c   Section       76  stm32h7xx_hal_timebase_tim.o(.bss)
    .bss                                     0x24000678   Section      770  bsp_usart1.o(.bss)
    dmatx_buf                                0x2400077a   Data         256  bsp_usart1.o(.bss)
    tx_buf                                   0x2400087a   Data         256  bsp_usart1.o(.bss)
    .bss                                     0x2400097c   Section      128  bsp_fdcan.o(.bss)
    .bss                                     0x240009fc   Section     2560  bsp_fdcan.o(.bss)
    .bss                                     0x240013fc   Section     2560  bsp_fdcan.o(.bss)
    .bss                                     0x24001dfc   Section      240  tasks.o(.bss)
    pxReadyTasksLists                        0x24001dfc   Data         140  tasks.o(.bss)
    xDelayedTaskList1                        0x24001e88   Data          20  tasks.o(.bss)
    xDelayedTaskList2                        0x24001e9c   Data          20  tasks.o(.bss)
    xPendingReadyList                        0x24001eb0   Data          20  tasks.o(.bss)
    xTasksWaitingTermination                 0x24001ec4   Data          20  tasks.o(.bss)
    xSuspendedTaskList                       0x24001ed8   Data          20  tasks.o(.bss)
    .bss                                     0x24001eec   Section    20480  heap_4.o(.bss)
    ucHeap                                   0x24001eec   Data       20480  heap_4.o(.bss)
    .bss                                     0x24006eec   Section       36  detect_task.o(.bss)
    STACK                                    0x24006f10   Section     8192  startup_stm32h743xx.o(STACK)

    Global Symbols

    Symbol Name                              Value     Ov Type        Size  Object(Section)

    BuildAttributes$$THM_ISAv4$E$P$D$K$B$S$7EM$VFPv5_D16$PE$PLD8$A:L22UL41UL21$X:L11$S22US41US21$IEEE1$IW$USESV6$~STKCKD$USESV7$~SHL$OTIME$ROPI$EBA8$MICROLIB$REQ8$PRES8$EABIv2 0x00000000   Number         0  anon$$obj.o ABSOLUTE
    __ARM_use_no_argv                        0x00000000   Number         0  main.o ABSOLUTE
    __cpp_initialize__aeabi_                  - Undefined Weak Reference
    __cxa_finalize                            - Undefined Weak Reference
    __decompress                              - Undefined Weak Reference
    _clock_init                               - Undefined Weak Reference
    _microlib_exit                            - Undefined Weak Reference
    __Vectors_Size                           0x00000298   Number         0  startup_stm32h743xx.o ABSOLUTE
    __Vectors                                0x08000000   Data           4  startup_stm32h743xx.o(RESET)
    __Vectors_End                            0x08000298   Data           0  startup_stm32h743xx.o(RESET)
    __main                                   0x08000299   Thumb Code     0  entry.o(.ARM.Collect$$$$00000000)
    _main_stk                                0x08000299   Thumb Code     0  entry2.o(.ARM.Collect$$$$00000001)
    _main_scatterload                        0x0800029d   Thumb Code     0  entry5.o(.ARM.Collect$$$$00000004)
    __main_after_scatterload                 0x080002a1   Thumb Code     0  entry5.o(.ARM.Collect$$$$00000004)
    _main_clock                              0x080002a1   Thumb Code     0  entry7b.o(.ARM.Collect$$$$00000008)
    _main_cpp_init                           0x080002a1   Thumb Code     0  entry8b.o(.ARM.Collect$$$$0000000A)
    _main_init                               0x080002a1   Thumb Code     0  entry9a.o(.ARM.Collect$$$$0000000B)
    __rt_final_cpp                           0x080002a9   Thumb Code     0  entry10a.o(.ARM.Collect$$$$0000000D)
    __rt_final_exit                          0x080002a9   Thumb Code     0  entry11a.o(.ARM.Collect$$$$0000000F)
    SVC_Handler                              0x080002ad   Thumb Code    28  port.o(.emb_text)
    __asm___6_port_c_39a90d8d__prvStartFirstTask 0x080002cd   Thumb Code    36  port.o(.emb_text)
    __asm___6_port_c_39a90d8d__prvEnableVFP  0x080002f5   Thumb Code    16  port.o(.emb_text)
    PendSV_Handler                           0x08000309   Thumb Code    88  port.o(.emb_text)
    vPortGetIPSR                             0x08000365   Thumb Code     6  port.o(.emb_text)
    Reset_Handler                            0x0800036d   Thumb Code     8  startup_stm32h743xx.o(.text)
    ADC3_IRQHandler                          0x08000387   Thumb Code     0  startup_stm32h743xx.o(.text)
    ADC_IRQHandler                           0x08000387   Thumb Code     0  startup_stm32h743xx.o(.text)
    BDMA_Channel0_IRQHandler                 0x08000387   Thumb Code     0  startup_stm32h743xx.o(.text)
    BDMA_Channel1_IRQHandler                 0x08000387   Thumb Code     0  startup_stm32h743xx.o(.text)
    BDMA_Channel2_IRQHandler                 0x08000387   Thumb Code     0  startup_stm32h743xx.o(.text)
    BDMA_Channel3_IRQHandler                 0x08000387   Thumb Code     0  startup_stm32h743xx.o(.text)
    BDMA_Channel4_IRQHandler                 0x08000387   Thumb Code     0  startup_stm32h743xx.o(.text)
    BDMA_Channel5_IRQHandler                 0x08000387   Thumb Code     0  startup_stm32h743xx.o(.text)
    BDMA_Channel6_IRQHandler                 0x08000387   Thumb Code     0  startup_stm32h743xx.o(.text)
    BDMA_Channel7_IRQHandler                 0x08000387   Thumb Code     0  startup_stm32h743xx.o(.text)
    CEC_IRQHandler                           0x08000387   Thumb Code     0  startup_stm32h743xx.o(.text)
    COMP1_IRQHandler                         0x08000387   Thumb Code     0  startup_stm32h743xx.o(.text)
    CRS_IRQHandler                           0x08000387   Thumb Code     0  startup_stm32h743xx.o(.text)
    DCMI_IRQHandler                          0x08000387   Thumb Code     0  startup_stm32h743xx.o(.text)
    DFSDM1_FLT0_IRQHandler                   0x08000387   Thumb Code     0  startup_stm32h743xx.o(.text)
    DFSDM1_FLT1_IRQHandler                   0x08000387   Thumb Code     0  startup_stm32h743xx.o(.text)
    DFSDM1_FLT2_IRQHandler                   0x08000387   Thumb Code     0  startup_stm32h743xx.o(.text)
    DFSDM1_FLT3_IRQHandler                   0x08000387   Thumb Code     0  startup_stm32h743xx.o(.text)
    DMA1_Stream2_IRQHandler                  0x08000387   Thumb Code     0  startup_stm32h743xx.o(.text)
    DMA1_Stream3_IRQHandler                  0x08000387   Thumb Code     0  startup_stm32h743xx.o(.text)
    DMA1_Stream5_IRQHandler                  0x08000387   Thumb Code     0  startup_stm32h743xx.o(.text)
    DMA1_Stream6_IRQHandler                  0x08000387   Thumb Code     0  startup_stm32h743xx.o(.text)
    DMA1_Stream7_IRQHandler                  0x08000387   Thumb Code     0  startup_stm32h743xx.o(.text)
    DMA2D_IRQHandler                         0x08000387   Thumb Code     0  startup_stm32h743xx.o(.text)
    DMA2_Stream0_IRQHandler                  0x08000387   Thumb Code     0  startup_stm32h743xx.o(.text)
    DMA2_Stream1_IRQHandler                  0x08000387   Thumb Code     0  startup_stm32h743xx.o(.text)
    DMA2_Stream2_IRQHandler                  0x08000387   Thumb Code     0  startup_stm32h743xx.o(.text)
    DMA2_Stream3_IRQHandler                  0x08000387   Thumb Code     0  startup_stm32h743xx.o(.text)
    DMA2_Stream4_IRQHandler                  0x08000387   Thumb Code     0  startup_stm32h743xx.o(.text)
    DMA2_Stream5_IRQHandler                  0x08000387   Thumb Code     0  startup_stm32h743xx.o(.text)
    DMA2_Stream6_IRQHandler                  0x08000387   Thumb Code     0  startup_stm32h743xx.o(.text)
    DMA2_Stream7_IRQHandler                  0x08000387   Thumb Code     0  startup_stm32h743xx.o(.text)
    DMAMUX1_OVR_IRQHandler                   0x08000387   Thumb Code     0  startup_stm32h743xx.o(.text)
    DMAMUX2_OVR_IRQHandler                   0x08000387   Thumb Code     0  startup_stm32h743xx.o(.text)
    ECC_IRQHandler                           0x08000387   Thumb Code     0  startup_stm32h743xx.o(.text)
    ETH_IRQHandler                           0x08000387   Thumb Code     0  startup_stm32h743xx.o(.text)
    ETH_WKUP_IRQHandler                      0x08000387   Thumb Code     0  startup_stm32h743xx.o(.text)
    EXTI0_IRQHandler                         0x08000387   Thumb Code     0  startup_stm32h743xx.o(.text)
    EXTI15_10_IRQHandler                     0x08000387   Thumb Code     0  startup_stm32h743xx.o(.text)
    EXTI1_IRQHandler                         0x08000387   Thumb Code     0  startup_stm32h743xx.o(.text)
    EXTI2_IRQHandler                         0x08000387   Thumb Code     0  startup_stm32h743xx.o(.text)
    EXTI3_IRQHandler                         0x08000387   Thumb Code     0  startup_stm32h743xx.o(.text)
    EXTI4_IRQHandler                         0x08000387   Thumb Code     0  startup_stm32h743xx.o(.text)
    EXTI9_5_IRQHandler                       0x08000387   Thumb Code     0  startup_stm32h743xx.o(.text)
    FDCAN1_IT1_IRQHandler                    0x08000387   Thumb Code     0  startup_stm32h743xx.o(.text)
    FDCAN2_IT0_IRQHandler                    0x08000387   Thumb Code     0  startup_stm32h743xx.o(.text)
    FDCAN2_IT1_IRQHandler                    0x08000387   Thumb Code     0  startup_stm32h743xx.o(.text)
    FDCAN_CAL_IRQHandler                     0x08000387   Thumb Code     0  startup_stm32h743xx.o(.text)
    FLASH_IRQHandler                         0x08000387   Thumb Code     0  startup_stm32h743xx.o(.text)
    FMC_IRQHandler                           0x08000387   Thumb Code     0  startup_stm32h743xx.o(.text)
    FPU_IRQHandler                           0x08000387   Thumb Code     0  startup_stm32h743xx.o(.text)
    HRTIM1_FLT_IRQHandler                    0x08000387   Thumb Code     0  startup_stm32h743xx.o(.text)
    HRTIM1_Master_IRQHandler                 0x08000387   Thumb Code     0  startup_stm32h743xx.o(.text)
    HRTIM1_TIMA_IRQHandler                   0x08000387   Thumb Code     0  startup_stm32h743xx.o(.text)
    HRTIM1_TIMB_IRQHandler                   0x08000387   Thumb Code     0  startup_stm32h743xx.o(.text)
    HRTIM1_TIMC_IRQHandler                   0x08000387   Thumb Code     0  startup_stm32h743xx.o(.text)
    HRTIM1_TIMD_IRQHandler                   0x08000387   Thumb Code     0  startup_stm32h743xx.o(.text)
    HRTIM1_TIME_IRQHandler                   0x08000387   Thumb Code     0  startup_stm32h743xx.o(.text)
    HSEM1_IRQHandler                         0x08000387   Thumb Code     0  startup_stm32h743xx.o(.text)
    I2C1_ER_IRQHandler                       0x08000387   Thumb Code     0  startup_stm32h743xx.o(.text)
    I2C1_EV_IRQHandler                       0x08000387   Thumb Code     0  startup_stm32h743xx.o(.text)
    I2C2_ER_IRQHandler                       0x08000387   Thumb Code     0  startup_stm32h743xx.o(.text)
    I2C2_EV_IRQHandler                       0x08000387   Thumb Code     0  startup_stm32h743xx.o(.text)
    I2C3_ER_IRQHandler                       0x08000387   Thumb Code     0  startup_stm32h743xx.o(.text)
    I2C3_EV_IRQHandler                       0x08000387   Thumb Code     0  startup_stm32h743xx.o(.text)
    I2C4_ER_IRQHandler                       0x08000387   Thumb Code     0  startup_stm32h743xx.o(.text)
    I2C4_EV_IRQHandler                       0x08000387   Thumb Code     0  startup_stm32h743xx.o(.text)
    JPEG_IRQHandler                          0x08000387   Thumb Code     0  startup_stm32h743xx.o(.text)
    LPTIM1_IRQHandler                        0x08000387   Thumb Code     0  startup_stm32h743xx.o(.text)
    LPTIM2_IRQHandler                        0x08000387   Thumb Code     0  startup_stm32h743xx.o(.text)
    LPTIM3_IRQHandler                        0x08000387   Thumb Code     0  startup_stm32h743xx.o(.text)
    LPTIM4_IRQHandler                        0x08000387   Thumb Code     0  startup_stm32h743xx.o(.text)
    LPTIM5_IRQHandler                        0x08000387   Thumb Code     0  startup_stm32h743xx.o(.text)
    LPUART1_IRQHandler                       0x08000387   Thumb Code     0  startup_stm32h743xx.o(.text)
    LTDC_ER_IRQHandler                       0x08000387   Thumb Code     0  startup_stm32h743xx.o(.text)
    LTDC_IRQHandler                          0x08000387   Thumb Code     0  startup_stm32h743xx.o(.text)
    MDIOS_IRQHandler                         0x08000387   Thumb Code     0  startup_stm32h743xx.o(.text)
    MDIOS_WKUP_IRQHandler                    0x08000387   Thumb Code     0  startup_stm32h743xx.o(.text)
    MDMA_IRQHandler                          0x08000387   Thumb Code     0  startup_stm32h743xx.o(.text)
    OTG_FS_EP1_IN_IRQHandler                 0x08000387   Thumb Code     0  startup_stm32h743xx.o(.text)
    OTG_FS_EP1_OUT_IRQHandler                0x08000387   Thumb Code     0  startup_stm32h743xx.o(.text)
    OTG_FS_IRQHandler                        0x08000387   Thumb Code     0  startup_stm32h743xx.o(.text)
    OTG_FS_WKUP_IRQHandler                   0x08000387   Thumb Code     0  startup_stm32h743xx.o(.text)
    OTG_HS_EP1_IN_IRQHandler                 0x08000387   Thumb Code     0  startup_stm32h743xx.o(.text)
    OTG_HS_EP1_OUT_IRQHandler                0x08000387   Thumb Code     0  startup_stm32h743xx.o(.text)
    OTG_HS_IRQHandler                        0x08000387   Thumb Code     0  startup_stm32h743xx.o(.text)
    OTG_HS_WKUP_IRQHandler                   0x08000387   Thumb Code     0  startup_stm32h743xx.o(.text)
    PVD_AVD_IRQHandler                       0x08000387   Thumb Code     0  startup_stm32h743xx.o(.text)
    QUADSPI_IRQHandler                       0x08000387   Thumb Code     0  startup_stm32h743xx.o(.text)
    RCC_IRQHandler                           0x08000387   Thumb Code     0  startup_stm32h743xx.o(.text)
    RNG_IRQHandler                           0x08000387   Thumb Code     0  startup_stm32h743xx.o(.text)
    RTC_Alarm_IRQHandler                     0x08000387   Thumb Code     0  startup_stm32h743xx.o(.text)
    RTC_WKUP_IRQHandler                      0x08000387   Thumb Code     0  startup_stm32h743xx.o(.text)
    SAI1_IRQHandler                          0x08000387   Thumb Code     0  startup_stm32h743xx.o(.text)
    SAI2_IRQHandler                          0x08000387   Thumb Code     0  startup_stm32h743xx.o(.text)
    SAI3_IRQHandler                          0x08000387   Thumb Code     0  startup_stm32h743xx.o(.text)
    SAI4_IRQHandler                          0x08000387   Thumb Code     0  startup_stm32h743xx.o(.text)
    SDMMC1_IRQHandler                        0x08000387   Thumb Code     0  startup_stm32h743xx.o(.text)
    SDMMC2_IRQHandler                        0x08000387   Thumb Code     0  startup_stm32h743xx.o(.text)
    SPDIF_RX_IRQHandler                      0x08000387   Thumb Code     0  startup_stm32h743xx.o(.text)
    SPI1_IRQHandler                          0x08000387   Thumb Code     0  startup_stm32h743xx.o(.text)
    SPI2_IRQHandler                          0x08000387   Thumb Code     0  startup_stm32h743xx.o(.text)
    SPI3_IRQHandler                          0x08000387   Thumb Code     0  startup_stm32h743xx.o(.text)
    SPI4_IRQHandler                          0x08000387   Thumb Code     0  startup_stm32h743xx.o(.text)
    SPI5_IRQHandler                          0x08000387   Thumb Code     0  startup_stm32h743xx.o(.text)
    SPI6_IRQHandler                          0x08000387   Thumb Code     0  startup_stm32h743xx.o(.text)
    SWPMI1_IRQHandler                        0x08000387   Thumb Code     0  startup_stm32h743xx.o(.text)
    TAMP_STAMP_IRQHandler                    0x08000387   Thumb Code     0  startup_stm32h743xx.o(.text)
    TIM15_IRQHandler                         0x08000387   Thumb Code     0  startup_stm32h743xx.o(.text)
    TIM16_IRQHandler                         0x08000387   Thumb Code     0  startup_stm32h743xx.o(.text)
    TIM17_IRQHandler                         0x08000387   Thumb Code     0  startup_stm32h743xx.o(.text)
    TIM1_BRK_IRQHandler                      0x08000387   Thumb Code     0  startup_stm32h743xx.o(.text)
    TIM1_CC_IRQHandler                       0x08000387   Thumb Code     0  startup_stm32h743xx.o(.text)
    TIM1_TRG_COM_IRQHandler                  0x08000387   Thumb Code     0  startup_stm32h743xx.o(.text)
    TIM1_UP_IRQHandler                       0x08000387   Thumb Code     0  startup_stm32h743xx.o(.text)
    TIM3_IRQHandler                          0x08000387   Thumb Code     0  startup_stm32h743xx.o(.text)
    TIM4_IRQHandler                          0x08000387   Thumb Code     0  startup_stm32h743xx.o(.text)
    TIM5_IRQHandler                          0x08000387   Thumb Code     0  startup_stm32h743xx.o(.text)
    TIM6_DAC_IRQHandler                      0x08000387   Thumb Code     0  startup_stm32h743xx.o(.text)
    TIM7_IRQHandler                          0x08000387   Thumb Code     0  startup_stm32h743xx.o(.text)
    TIM8_BRK_TIM12_IRQHandler                0x08000387   Thumb Code     0  startup_stm32h743xx.o(.text)
    TIM8_CC_IRQHandler                       0x08000387   Thumb Code     0  startup_stm32h743xx.o(.text)
    TIM8_TRG_COM_TIM14_IRQHandler            0x08000387   Thumb Code     0  startup_stm32h743xx.o(.text)
    TIM8_UP_TIM13_IRQHandler                 0x08000387   Thumb Code     0  startup_stm32h743xx.o(.text)
    UART4_IRQHandler                         0x08000387   Thumb Code     0  startup_stm32h743xx.o(.text)
    UART5_IRQHandler                         0x08000387   Thumb Code     0  startup_stm32h743xx.o(.text)
    UART7_IRQHandler                         0x08000387   Thumb Code     0  startup_stm32h743xx.o(.text)
    UART8_IRQHandler                         0x08000387   Thumb Code     0  startup_stm32h743xx.o(.text)
    USART2_IRQHandler                        0x08000387   Thumb Code     0  startup_stm32h743xx.o(.text)
    USART3_IRQHandler                        0x08000387   Thumb Code     0  startup_stm32h743xx.o(.text)
    USART6_IRQHandler                        0x08000387   Thumb Code     0  startup_stm32h743xx.o(.text)
    WAKEUP_PIN_IRQHandler                    0x08000387   Thumb Code     0  startup_stm32h743xx.o(.text)
    WWDG_IRQHandler                          0x08000387   Thumb Code     0  startup_stm32h743xx.o(.text)
    __aeabi_uldivmod                         0x08000391   Thumb Code    98  uldiv.o(.text)
    __aeabi_memcpy                           0x080003f3   Thumb Code    36  memcpya.o(.text)
    __aeabi_memcpy4                          0x080003f3   Thumb Code     0  memcpya.o(.text)
    __aeabi_memcpy8                          0x080003f3   Thumb Code     0  memcpya.o(.text)
    __aeabi_memset                           0x08000417   Thumb Code    14  memseta.o(.text)
    __aeabi_memset4                          0x08000417   Thumb Code     0  memseta.o(.text)
    __aeabi_memset8                          0x08000417   Thumb Code     0  memseta.o(.text)
    __aeabi_memclr                           0x08000425   Thumb Code     4  memseta.o(.text)
    __aeabi_memclr4                          0x08000425   Thumb Code     0  memseta.o(.text)
    __aeabi_memclr8                          0x08000425   Thumb Code     0  memseta.o(.text)
    memset                                   0x08000429   Thumb Code    18  memseta.o(.text)
    __aeabi_uidiv                            0x0800043b   Thumb Code     0  uidiv.o(.text)
    __aeabi_uidivmod                         0x0800043b   Thumb Code    44  uidiv.o(.text)
    __aeabi_llsl                             0x08000467   Thumb Code    30  llshl.o(.text)
    _ll_shift_l                              0x08000467   Thumb Code     0  llshl.o(.text)
    __aeabi_llsr                             0x08000485   Thumb Code    32  llushr.o(.text)
    _ll_ushift_r                             0x08000485   Thumb Code     0  llushr.o(.text)
    __I$use$fp                               0x080004a5   Thumb Code     0  iusefp.o(.text)
    __aeabi_dadd                             0x080004a5   Thumb Code   322  dadd.o(.text)
    __aeabi_dsub                             0x080005e7   Thumb Code     6  dadd.o(.text)
    __aeabi_drsub                            0x080005ed   Thumb Code     6  dadd.o(.text)
    __aeabi_dmul                             0x080005f3   Thumb Code   228  dmul.o(.text)
    __aeabi_ddiv                             0x080006d7   Thumb Code   222  ddiv.o(.text)
    __aeabi_d2ulz                            0x080007b5   Thumb Code    48  dfixul.o(.text)
    __aeabi_cdrcmple                         0x080007e5   Thumb Code    48  cdrcmple.o(.text)
    __scatterload                            0x08000815   Thumb Code    28  init.o(.text)
    __scatterload_rt2                        0x08000815   Thumb Code     0  init.o(.text)
    __aeabi_lasr                             0x08000839   Thumb Code    36  llsshr.o(.text)
    _ll_sshift_r                             0x08000839   Thumb Code     0  llsshr.o(.text)
    _double_round                            0x0800085d   Thumb Code    30  depilogue.o(.text)
    _double_epilogue                         0x0800087b   Thumb Code   156  depilogue.o(.text)
    ADC_ConfigureBoostMode                   0x08000919   Thumb Code   234  stm32h7xx_hal_adc.o(i.ADC_ConfigureBoostMode)
    ADC_DMAConvCplt                          0x08000a21   Thumb Code   104  stm32h7xx_hal_adc.o(i.ADC_DMAConvCplt)
    ADC_DMAError                             0x08000a89   Thumb Code    26  stm32h7xx_hal_adc.o(i.ADC_DMAError)
    ADC_DMAHalfConvCplt                      0x08000aa3   Thumb Code    10  stm32h7xx_hal_adc.o(i.ADC_DMAHalfConvCplt)
    ADC_Enable                               0x08000aad   Thumb Code   148  stm32h7xx_hal_adc.o(i.ADC_Enable)
    BusFault_Handler                         0x08000b55   Thumb Code     2  stm32h7xx_it.o(i.BusFault_Handler)
    DMA1_Stream0_IRQHandler                  0x08000b59   Thumb Code     6  stm32h7xx_it.o(i.DMA1_Stream0_IRQHandler)
    DMA1_Stream1_IRQHandler                  0x08000b65   Thumb Code     6  stm32h7xx_it.o(i.DMA1_Stream1_IRQHandler)
    DMA1_Stream4_IRQHandler                  0x08000b71   Thumb Code     6  stm32h7xx_it.o(i.DMA1_Stream4_IRQHandler)
    DebugMon_Handler                         0x08000fb5   Thumb Code     2  stm32h7xx_it.o(i.DebugMon_Handler)
    Error_Handler                            0x08000fb7   Thumb Code     4  main.o(i.Error_Handler)
    FDCAN1_IT0_IRQHandler                    0x08000fbd   Thumb Code     6  stm32h7xx_it.o(i.FDCAN1_IT0_IRQHandler)
    FDCAN1_Interrupt_Init                    0x08000fc9   Thumb Code    26  bsp_fdcan.o(i.FDCAN1_Interrupt_Init)
    FDCAN1_RX_Filter0_Init                   0x08000fe9   Thumb Code    42  bsp_fdcan.o(i.FDCAN1_RX_Filter0_Init)
    FDCAN1_Start                             0x0800101d   Thumb Code     6  bsp_fdcan.o(i.FDCAN1_Start)
    HAL_ADCEx_MultiModeConfigChannel         0x08001261   Thumb Code   274  stm32h7xx_hal_adc_ex.o(i.HAL_ADCEx_MultiModeConfigChannel)
    HAL_ADC_ConfigChannel                    0x08001389   Thumb Code   928  stm32h7xx_hal_adc.o(i.HAL_ADC_ConfigChannel)
    HAL_ADC_ConvCpltCallback                 0x08001761   Thumb Code     2  stm32h7xx_hal_adc.o(i.HAL_ADC_ConvCpltCallback)
    HAL_ADC_ConvHalfCpltCallback             0x08001763   Thumb Code     2  stm32h7xx_hal_adc.o(i.HAL_ADC_ConvHalfCpltCallback)
    HAL_ADC_ErrorCallback                    0x08001765   Thumb Code     2  stm32h7xx_hal_adc.o(i.HAL_ADC_ErrorCallback)
    HAL_ADC_Init                             0x08001769   Thumb Code   498  stm32h7xx_hal_adc.o(i.HAL_ADC_Init)
    HAL_ADC_MspInit                          0x08001991   Thumb Code   194  adc.o(i.HAL_ADC_MspInit)
    HAL_ADC_Start_DMA                        0x08001a69   Thumb Code   230  stm32h7xx_hal_adc.o(i.HAL_ADC_Start_DMA)
    HAL_DMA_Abort                            0x08001b71   Thumb Code   836  stm32h7xx_hal_dma.o(i.HAL_DMA_Abort)
    HAL_DMA_Abort_IT                         0x08001ed1   Thumb Code   602  stm32h7xx_hal_dma.o(i.HAL_DMA_Abort_IT)
    HAL_DMA_IRQHandler                       0x08002155   Thumb Code  1756  stm32h7xx_hal_dma.o(i.HAL_DMA_IRQHandler)
    HAL_DMA_Init                             0x0800283d   Thumb Code   926  stm32h7xx_hal_dma.o(i.HAL_DMA_Init)
    HAL_DMA_Start_IT                         0x08002c01   Thumb Code   628  stm32h7xx_hal_dma.o(i.HAL_DMA_Start_IT)
    HAL_FDCAN_ActivateNotification           0x08002e9d   Thumb Code   126  stm32h7xx_hal_fdcan.o(i.HAL_FDCAN_ActivateNotification)
    HAL_FDCAN_AddMessageToTxFifoQ            0x08002f25   Thumb Code   102  stm32h7xx_hal_fdcan.o(i.HAL_FDCAN_AddMessageToTxFifoQ)
    HAL_FDCAN_ClockCalibrationCallback       0x08002f8b   Thumb Code     2  stm32h7xx_hal_fdcan.o(i.HAL_FDCAN_ClockCalibrationCallback)
    HAL_FDCAN_ConfigFilter                   0x08002f8d   Thumb Code   126  stm32h7xx_hal_fdcan.o(i.HAL_FDCAN_ConfigFilter)
    HAL_FDCAN_ErrorCallback                  0x0800300b   Thumb Code     2  stm32h7xx_hal_fdcan.o(i.HAL_FDCAN_ErrorCallback)
    HAL_FDCAN_ErrorStatusCallback            0x0800300d   Thumb Code     2  stm32h7xx_hal_fdcan.o(i.HAL_FDCAN_ErrorStatusCallback)
    HAL_FDCAN_GetRxMessage                   0x08003011   Thumb Code   400  stm32h7xx_hal_fdcan.o(i.HAL_FDCAN_GetRxMessage)
    HAL_FDCAN_HighPriorityMessageCallback    0x080031a5   Thumb Code     2  stm32h7xx_hal_fdcan.o(i.HAL_FDCAN_HighPriorityMessageCallback)
    HAL_FDCAN_IRQHandler                     0x080031a9   Thumb Code   780  stm32h7xx_hal_fdcan.o(i.HAL_FDCAN_IRQHandler)
    HAL_FDCAN_Init                           0x080034c1   Thumb Code   572  stm32h7xx_hal_fdcan.o(i.HAL_FDCAN_Init)
    HAL_FDCAN_MspInit                        0x08003705   Thumb Code   138  fdcan.o(i.HAL_FDCAN_MspInit)
    HAL_FDCAN_RxBufferNewMessageCallback     0x0800379d   Thumb Code     2  stm32h7xx_hal_fdcan.o(i.HAL_FDCAN_RxBufferNewMessageCallback)
    HAL_FDCAN_RxFifo0Callback                0x080037a1   Thumb Code   328  bsp_fdcan.o(i.HAL_FDCAN_RxFifo0Callback)
    HAL_FDCAN_RxFifo1Callback                0x08003915   Thumb Code     2  stm32h7xx_hal_fdcan.o(i.HAL_FDCAN_RxFifo1Callback)
    HAL_FDCAN_Start                          0x08003917   Thumb Code    50  stm32h7xx_hal_fdcan.o(i.HAL_FDCAN_Start)
    HAL_FDCAN_TT_GlobalTimeCallback          0x08003949   Thumb Code     2  stm32h7xx_hal_fdcan.o(i.HAL_FDCAN_TT_GlobalTimeCallback)
    HAL_FDCAN_TT_ScheduleSyncCallback        0x0800394b   Thumb Code     2  stm32h7xx_hal_fdcan.o(i.HAL_FDCAN_TT_ScheduleSyncCallback)
    HAL_FDCAN_TT_StopWatchCallback           0x0800394d   Thumb Code     2  stm32h7xx_hal_fdcan.o(i.HAL_FDCAN_TT_StopWatchCallback)
    HAL_FDCAN_TT_TimeMarkCallback            0x0800394f   Thumb Code     2  stm32h7xx_hal_fdcan.o(i.HAL_FDCAN_TT_TimeMarkCallback)
    HAL_FDCAN_TimeoutOccurredCallback        0x08003951   Thumb Code     2  stm32h7xx_hal_fdcan.o(i.HAL_FDCAN_TimeoutOccurredCallback)
    HAL_FDCAN_TimestampWraparoundCallback    0x08003953   Thumb Code     2  stm32h7xx_hal_fdcan.o(i.HAL_FDCAN_TimestampWraparoundCallback)
    HAL_FDCAN_TxBufferAbortCallback          0x08003955   Thumb Code     2  stm32h7xx_hal_fdcan.o(i.HAL_FDCAN_TxBufferAbortCallback)
    HAL_FDCAN_TxBufferCompleteCallback       0x08003957   Thumb Code     2  stm32h7xx_hal_fdcan.o(i.HAL_FDCAN_TxBufferCompleteCallback)
    HAL_FDCAN_TxEventFifoCallback            0x08003959   Thumb Code     2  stm32h7xx_hal_fdcan.o(i.HAL_FDCAN_TxEventFifoCallback)
    HAL_FDCAN_TxFifoEmptyCallback            0x0800395b   Thumb Code     2  stm32h7xx_hal_fdcan.o(i.HAL_FDCAN_TxFifoEmptyCallback)
    HAL_GPIO_Init                            0x0800395d   Thumb Code   506  stm32h7xx_hal_gpio.o(i.HAL_GPIO_Init)
    HAL_GetREVID                             0x08003b89   Thumb Code     8  stm32h7xx_hal.o(i.HAL_GetREVID)
    HAL_GetTick                              0x08003b95   Thumb Code     6  stm32h7xx_hal.o(i.HAL_GetTick)
    HAL_IncTick                              0x08003ba1   Thumb Code    12  stm32h7xx_hal.o(i.HAL_IncTick)
    HAL_Init                                 0x08003bb1   Thumb Code    74  stm32h7xx_hal.o(i.HAL_Init)
    HAL_InitTick                             0x08003c0d   Thumb Code   122  stm32h7xx_hal_timebase_tim.o(i.HAL_InitTick)
    HAL_MspInit                              0x08003c99   Thumb Code    32  stm32h7xx_hal_msp.o(i.HAL_MspInit)
    HAL_NVIC_EnableIRQ                       0x08003cbd   Thumb Code    26  stm32h7xx_hal_cortex.o(i.HAL_NVIC_EnableIRQ)
    HAL_NVIC_SetPriority                     0x08003cd9   Thumb Code    60  stm32h7xx_hal_cortex.o(i.HAL_NVIC_SetPriority)
    HAL_NVIC_SetPriorityGrouping             0x08003d19   Thumb Code    28  stm32h7xx_hal_cortex.o(i.HAL_NVIC_SetPriorityGrouping)
    HAL_PWREx_ConfigSupply                   0x08003d3d   Thumb Code    78  stm32h7xx_hal_pwr_ex.o(i.HAL_PWREx_ConfigSupply)
    HAL_RCCEx_GetD3PCLK1Freq                 0x08003d91   Thumb Code    26  stm32h7xx_hal_rcc_ex.o(i.HAL_RCCEx_GetD3PCLK1Freq)
    HAL_RCCEx_GetPLL1ClockFreq               0x08003db5   Thumb Code   298  stm32h7xx_hal_rcc_ex.o(i.HAL_RCCEx_GetPLL1ClockFreq)
    HAL_RCCEx_GetPLL2ClockFreq               0x08003efd   Thumb Code   296  stm32h7xx_hal_rcc_ex.o(i.HAL_RCCEx_GetPLL2ClockFreq)
    HAL_RCCEx_GetPLL3ClockFreq               0x08004041   Thumb Code   296  stm32h7xx_hal_rcc_ex.o(i.HAL_RCCEx_GetPLL3ClockFreq)
    HAL_RCCEx_GetPeriphCLKFreq               0x08004185   Thumb Code   596  stm32h7xx_hal_rcc_ex.o(i.HAL_RCCEx_GetPeriphCLKFreq)
    HAL_RCCEx_PeriphCLKConfig                0x080043f1   Thumb Code  2258  stm32h7xx_hal_rcc_ex.o(i.HAL_RCCEx_PeriphCLKConfig)
    HAL_RCC_ClockConfig                      0x08004cc5   Thumb Code   580  stm32h7xx_hal_rcc.o(i.HAL_RCC_ClockConfig)
    HAL_RCC_GetClockConfig                   0x08004f21   Thumb Code    84  stm32h7xx_hal_rcc.o(i.HAL_RCC_GetClockConfig)
    HAL_RCC_GetHCLKFreq                      0x08004f7d   Thumb Code    52  stm32h7xx_hal_rcc.o(i.HAL_RCC_GetHCLKFreq)
    HAL_RCC_GetPCLK1Freq                     0x08004fc1   Thumb Code    26  stm32h7xx_hal_rcc.o(i.HAL_RCC_GetPCLK1Freq)
    HAL_RCC_GetPCLK2Freq                     0x08004fe5   Thumb Code    26  stm32h7xx_hal_rcc.o(i.HAL_RCC_GetPCLK2Freq)
    HAL_RCC_GetSysClockFreq                  0x08005009   Thumb Code   278  stm32h7xx_hal_rcc.o(i.HAL_RCC_GetSysClockFreq)
    HAL_RCC_OscConfig                        0x08005141   Thumb Code  1322  stm32h7xx_hal_rcc.o(i.HAL_RCC_OscConfig)
    HAL_TIMEx_Break2Callback                 0x08005671   Thumb Code     2  stm32h7xx_hal_tim_ex.o(i.HAL_TIMEx_Break2Callback)
    HAL_TIMEx_BreakCallback                  0x08005673   Thumb Code     2  stm32h7xx_hal_tim_ex.o(i.HAL_TIMEx_BreakCallback)
    HAL_TIMEx_CommutCallback                 0x08005675   Thumb Code     2  stm32h7xx_hal_tim_ex.o(i.HAL_TIMEx_CommutCallback)
    HAL_TIM_Base_Init                        0x08005677   Thumb Code    98  stm32h7xx_hal_tim.o(i.HAL_TIM_Base_Init)
    HAL_TIM_Base_MspInit                     0x080056d9   Thumb Code     2  stm32h7xx_hal_tim.o(i.HAL_TIM_Base_MspInit)
    HAL_TIM_Base_Start_IT                    0x080056dd   Thumb Code   106  stm32h7xx_hal_tim.o(i.HAL_TIM_Base_Start_IT)
    HAL_TIM_IC_CaptureCallback               0x08005769   Thumb Code     2  stm32h7xx_hal_tim.o(i.HAL_TIM_IC_CaptureCallback)
    HAL_TIM_IRQHandler                       0x0800576b   Thumb Code   386  stm32h7xx_hal_tim.o(i.HAL_TIM_IRQHandler)
    HAL_TIM_OC_DelayElapsedCallback          0x080058ed   Thumb Code     2  stm32h7xx_hal_tim.o(i.HAL_TIM_OC_DelayElapsedCallback)
    HAL_TIM_PWM_PulseFinishedCallback        0x080058ef   Thumb Code     2  stm32h7xx_hal_tim.o(i.HAL_TIM_PWM_PulseFinishedCallback)
    HAL_TIM_PeriodElapsedCallback            0x080058f1   Thumb Code    14  main.o(i.HAL_TIM_PeriodElapsedCallback)
    HAL_TIM_TriggerCallback                  0x080058ff   Thumb Code     2  stm32h7xx_hal_tim.o(i.HAL_TIM_TriggerCallback)
    HAL_UARTEx_DisableFifoMode               0x08005901   Thumb Code    64  stm32h7xx_hal_uart_ex.o(i.HAL_UARTEx_DisableFifoMode)
    HAL_UARTEx_ReceiveToIdle_DMA             0x08005941   Thumb Code    82  stm32h7xx_hal_uart_ex.o(i.HAL_UARTEx_ReceiveToIdle_DMA)
    HAL_UARTEx_RxEventCallback               0x08005995   Thumb Code    58  bsp_usart1.o(i.HAL_UARTEx_RxEventCallback)
    HAL_UARTEx_RxFifoFullCallback            0x080059d9   Thumb Code     2  stm32h7xx_hal_uart_ex.o(i.HAL_UARTEx_RxFifoFullCallback)
    HAL_UARTEx_SetRxFifoThreshold            0x080059db   Thumb Code    76  stm32h7xx_hal_uart_ex.o(i.HAL_UARTEx_SetRxFifoThreshold)
    HAL_UARTEx_SetTxFifoThreshold            0x08005a27   Thumb Code    76  stm32h7xx_hal_uart_ex.o(i.HAL_UARTEx_SetTxFifoThreshold)
    HAL_UARTEx_TxFifoEmptyCallback           0x08005a73   Thumb Code     2  stm32h7xx_hal_uart_ex.o(i.HAL_UARTEx_TxFifoEmptyCallback)
    HAL_UARTEx_WakeupCallback                0x08005a75   Thumb Code     2  stm32h7xx_hal_uart_ex.o(i.HAL_UARTEx_WakeupCallback)
    HAL_UART_ErrorCallback                   0x08005a77   Thumb Code     2  stm32h7xx_hal_uart.o(i.HAL_UART_ErrorCallback)
    HAL_UART_IRQHandler                      0x08005a79   Thumb Code   838  stm32h7xx_hal_uart.o(i.HAL_UART_IRQHandler)
    HAL_UART_Init                            0x08005dd9   Thumb Code   106  stm32h7xx_hal_uart.o(i.HAL_UART_Init)
    HAL_UART_MspInit                         0x08005e45   Thumb Code   252  usart.o(i.HAL_UART_MspInit)
    HAL_UART_RxCpltCallback                  0x08005f55   Thumb Code     2  stm32h7xx_hal_uart.o(i.HAL_UART_RxCpltCallback)
    HAL_UART_RxHalfCpltCallback              0x08005f57   Thumb Code     2  stm32h7xx_hal_uart.o(i.HAL_UART_RxHalfCpltCallback)
    HAL_UART_Transmit                        0x08005f59   Thumb Code   190  stm32h7xx_hal_uart.o(i.HAL_UART_Transmit)
    HAL_UART_TxCpltCallback                  0x08006017   Thumb Code     2  stm32h7xx_hal_uart.o(i.HAL_UART_TxCpltCallback)
    HardFault_Handler                        0x08006019   Thumb Code     2  stm32h7xx_it.o(i.HardFault_Handler)
    MX_ADC1_Init                             0x08006061   Thumb Code   138  adc.o(i.MX_ADC1_Init)
    MX_DMA_Init                              0x080060f9   Thumb Code    72  dma.o(i.MX_DMA_Init)
    MX_FDCAN1_Init                           0x08006145   Thumb Code    96  fdcan.o(i.MX_FDCAN1_Init)
    MX_FREERTOS_Init                         0x080061ad   Thumb Code   102  freertos.o(i.MX_FREERTOS_Init)
    MX_GPIO_Init                             0x0800621d   Thumb Code    94  gpio.o(i.MX_GPIO_Init)
    MX_USART1_UART_Init                      0x08006285   Thumb Code    94  usart.o(i.MX_USART1_UART_Init)
    MemManage_Handler                        0x080062ed   Thumb Code     2  stm32h7xx_it.o(i.MemManage_Handler)
    NMI_Handler                              0x080062ef   Thumb Code     2  stm32h7xx_it.o(i.NMI_Handler)
    SysTick_Handler                          0x08006531   Thumb Code    38  port.o(i.SysTick_Handler)
    SystemClock_Config                       0x0800655d   Thumb Code   168  main.o(i.SystemClock_Config)
    SystemInit                               0x08006611   Thumb Code   180  system_stm32h7xx.o(i.SystemInit)
    TIM2_IRQHandler                          0x080066ed   Thumb Code     6  stm32h7xx_it.o(i.TIM2_IRQHandler)
    TIM_Base_SetConfig                       0x080066f9   Thumb Code   162  stm32h7xx_hal_tim.o(i.TIM_Base_SetConfig)
    UART_AdvFeatureConfig                    0x08006801   Thumb Code   200  stm32h7xx_hal_uart.o(i.UART_AdvFeatureConfig)
    UART_CheckIdleState                      0x080068c9   Thumb Code    96  stm32h7xx_hal_uart.o(i.UART_CheckIdleState)
    UART_SetConfig                           0x08006aad   Thumb Code   876  stm32h7xx_hal_uart.o(i.UART_SetConfig)
    UART_Start_Receive_DMA                   0x08006e59   Thumb Code   154  stm32h7xx_hal_uart.o(i.UART_Start_Receive_DMA)
    UART_WaitOnFlagUntilTimeout              0x08006f01   Thumb Code   202  stm32h7xx_hal_uart.o(i.UART_WaitOnFlagUntilTimeout)
    USART1_IRQHandler                        0x08006fcd   Thumb Code     6  stm32h7xx_it.o(i.USART1_IRQHandler)
    UsageFault_Handler                       0x08006fd9   Thumb Code     2  stm32h7xx_it.o(i.UsageFault_Handler)
    __0vsnprintf                             0x08006fdd   Thumb Code    40  printfa.o(i.__0vsnprintf)
    __1vsnprintf                             0x08006fdd   Thumb Code     0  printfa.o(i.__0vsnprintf)
    __2vsnprintf                             0x08006fdd   Thumb Code     0  printfa.o(i.__0vsnprintf)
    __c89vsnprintf                           0x08006fdd   Thumb Code     0  printfa.o(i.__0vsnprintf)
    vsnprintf                                0x08006fdd   Thumb Code     0  printfa.o(i.__0vsnprintf)
    __scatterload_copy                       0x0800702b   Thumb Code    14  handlers.o(i.__scatterload_copy)
    __scatterload_null                       0x08007039   Thumb Code     2  handlers.o(i.__scatterload_null)
    __scatterload_zeroinit                   0x0800703b   Thumb Code    14  handlers.o(i.__scatterload_zeroinit)
    buffer_append_int32                      0x08007911   Thumb Code    42  bsp_fdcan.o(i.buffer_append_int32)
    comm_can_set_current                     0x0800793d   Thumb Code    48  bsp_fdcan.o(i.comm_can_set_current)
    comm_can_set_origin                      0x08007971   Thumb Code    20  bsp_fdcan.o(i.comm_can_set_origin)
    comm_can_set_pos                         0x08007985   Thumb Code    48  bsp_fdcan.o(i.comm_can_set_pos)
    comm_can_transmit_eid                    0x080079b9   Thumb Code    44  bsp_fdcan.o(i.comm_can_transmit_eid)
    detect_Task                              0x080079ed   Thumb Code   182  detect_task.o(i.detect_Task)
    detect_hook                              0x08007ab1   Thumb Code    72  detect_task.o(i.detect_hook)
    detect_init                              0x08007afd   Thumb Code   106  detect_task.o(i.detect_init)
    main                                     0x08007b81   Thumb Code    58  main.o(i.main)
    motor_Task                               0x08007bd9   Thumb Code   236  motor_task.o(i.motor_Task)
    osDelay                                  0x08007cf5   Thumb Code    16  cmsis_os.o(i.osDelay)
    osKernelStart                            0x08007d05   Thumb Code    10  cmsis_os.o(i.osKernelStart)
    osMutexCreate                            0x08007d0f   Thumb Code    18  cmsis_os.o(i.osMutexCreate)
    osMutexRelease                           0x08007d21   Thumb Code    76  cmsis_os.o(i.osMutexRelease)
    osMutexWait                              0x08007d71   Thumb Code   100  cmsis_os.o(i.osMutexWait)
    osSemaphoreCreate                        0x08007dd9   Thumb Code    70  cmsis_os.o(i.osSemaphoreCreate)
    osSemaphoreRelease                       0x08007e21   Thumb Code    76  cmsis_os.o(i.osSemaphoreRelease)
    osThreadCreate                           0x08007e71   Thumb Code    92  cmsis_os.o(i.osThreadCreate)
    profile_Task                             0x08007ecd   Thumb Code   108  profile_task.o(i.profile_Task)
    pvPortMalloc                             0x08008469   Thumb Code   224  heap_4.o(i.pvPortMalloc)
    pvTaskIncrementMutexHeldCount            0x08008551   Thumb Code    20  tasks.o(i.pvTaskIncrementMutexHeldCount)
    pxPortInitialiseStack                    0x08008569   Thumb Code    38  port.o(i.pxPortInitialiseStack)
    toe_is_error                             0x08008595   Thumb Code    18  detect_task.o(i.toe_is_error)
    usart1_printf                            0x080085ad   Thumb Code    50  bsp_usart1.o(i.usart1_printf)
    uxListRemove                             0x080085ed   Thumb Code    38  list.o(i.uxListRemove)
    vApplicationGetIdleTaskMemory            0x08008615   Thumb Code    18  freertos.o(i.vApplicationGetIdleTaskMemory)
    vApplicationStackOverflowHook            0x0800862d   Thumb Code     6  freertos.o(i.vApplicationStackOverflowHook)
    vListInitialise                          0x08008651   Thumb Code    22  list.o(i.vListInitialise)
    vListInitialiseItem                      0x08008667   Thumb Code     6  list.o(i.vListInitialiseItem)
    vListInsert                              0x0800866d   Thumb Code    58  list.o(i.vListInsert)
    vListInsertEnd                           0x080086a7   Thumb Code    24  list.o(i.vListInsertEnd)
    vPortEnterCritical                       0x080086c1   Thumb Code    54  port.o(i.vPortEnterCritical)
    vPortExitCritical                        0x08008701   Thumb Code    38  port.o(i.vPortExitCritical)
    vPortFree                                0x0800872d   Thumb Code    94  heap_4.o(i.vPortFree)
    vPortSetupTimerInterrupt                 0x08008791   Thumb Code    32  port.o(i.vPortSetupTimerInterrupt)
    vPortValidateInterruptPriority           0x080087b5   Thumb Code    74  port.o(i.vPortValidateInterruptPriority)
    vTaskDelay                               0x08008809   Thumb Code    70  tasks.o(i.vTaskDelay)
    vTaskDelete                              0x08008859   Thumb Code   160  tasks.o(i.vTaskDelete)
    vTaskInternalSetTimeOutState             0x08008909   Thumb Code    12  tasks.o(i.vTaskInternalSetTimeOutState)
    vTaskMissedYield                         0x08008919   Thumb Code     8  tasks.o(i.vTaskMissedYield)
    vTaskPlaceOnEventList                    0x08008925   Thumb Code    48  tasks.o(i.vTaskPlaceOnEventList)
    vTaskPriorityDisinheritAfterTimeout      0x08008959   Thumb Code   158  tasks.o(i.vTaskPriorityDisinheritAfterTimeout)
    vTaskStartScheduler                      0x08008a01   Thumb Code   120  tasks.o(i.vTaskStartScheduler)
    vTaskSuspendAll                          0x08008a89   Thumb Code    10  tasks.o(i.vTaskSuspendAll)
    vTaskSwitchContext                       0x08008a99   Thumb Code   136  tasks.o(i.vTaskSwitchContext)
    xPortStartScheduler                      0x08008b29   Thumb Code   232  port.o(i.xPortStartScheduler)
    xQueueCreateMutex                        0x08008c2d   Thumb Code    24  queue.o(i.xQueueCreateMutex)
    xQueueCreateMutexStatic                  0x08008c45   Thumb Code    28  queue.o(i.xQueueCreateMutexStatic)
    xQueueGenericCreate                      0x08008c61   Thumb Code    68  queue.o(i.xQueueGenericCreate)
    xQueueGenericCreateStatic                0x08008ca5   Thumb Code   112  queue.o(i.xQueueGenericCreateStatic)
    xQueueGenericReset                       0x08008d15   Thumb Code   138  queue.o(i.xQueueGenericReset)
    xQueueGenericSend                        0x08008da5   Thumb Code   362  queue.o(i.xQueueGenericSend)
    xQueueGiveFromISR                        0x08008f15   Thumb Code   160  queue.o(i.xQueueGiveFromISR)
    xQueueReceiveFromISR                     0x08008fb5   Thumb Code   154  queue.o(i.xQueueReceiveFromISR)
    xQueueSemaphoreTake                      0x08009051   Thumb Code   382  queue.o(i.xQueueSemaphoreTake)
    xTaskCheckForTimeOut                     0x080091d5   Thumb Code   122  tasks.o(i.xTaskCheckForTimeOut)
    xTaskCreate                              0x08009255   Thumb Code   108  tasks.o(i.xTaskCreate)
    xTaskCreateStatic                        0x080092c1   Thumb Code    96  tasks.o(i.xTaskCreateStatic)
    xTaskGenericNotify                       0x08009321   Thumb Code   222  tasks.o(i.xTaskGenericNotify)
    xTaskGetSchedulerState                   0x0800940d   Thumb Code    24  tasks.o(i.xTaskGetSchedulerState)
    xTaskGetTickCount                        0x08009429   Thumb Code     6  tasks.o(i.xTaskGetTickCount)
    xTaskIncrementTick                       0x08009435   Thumb Code   202  tasks.o(i.xTaskIncrementTick)
    xTaskNotifyWait                          0x08009509   Thumb Code   136  tasks.o(i.xTaskNotifyWait)
    xTaskPriorityDisinherit                  0x08009599   Thumb Code   146  tasks.o(i.xTaskPriorityDisinherit)
    xTaskPriorityInherit                     0x08009635   Thumb Code   138  tasks.o(i.xTaskPriorityInherit)
    xTaskRemoveFromEventList                 0x080096c9   Thumb Code   108  tasks.o(i.xTaskRemoveFromEventList)
    xTaskResumeAll                           0x08009741   Thumb Code   190  tasks.o(i.xTaskResumeAll)
    UARTPrescTable                           0x080098c4   Data          24  stm32h7xx_hal_uart.o(.constdata)
    D1CorePrescTable                         0x080098ec   Data          16  system_stm32h7xx.o(.constdata)
    Region$$Table$$Base                      0x0800991c   Number         0  anon$$obj.o(Region$$Table)
    Region$$Table$$Limit                     0x0800993c   Number         0  anon$$obj.o(Region$$Table)
    ADC_ConvertedValue                       0x24000000   Data           2  main.o(.data)
    detectHandle                             0x24000004   Data           4  freertos.o(.data)
    motorHandle                              0x24000008   Data           4  freertos.o(.data)
    profileHandle                            0x2400000c   Data           4  freertos.o(.data)
    motorDataHandle                          0x24000010   Data           4  freertos.o(.data)
    bufferSemaphoreHandle                    0x24000014   Data           4  freertos.o(.data)
    uwTickFreq                               0x24000018   Data           1  stm32h7xx_hal.o(.data)
    uwTickPrio                               0x2400001c   Data           4  stm32h7xx_hal.o(.data)
    uwTick                                   0x24000020   Data           4  stm32h7xx_hal.o(.data)
    SystemCoreClock                          0x24000024   Data           4  system_stm32h7xx.o(.data)
    SystemD2Clock                            0x24000028   Data           4  system_stm32h7xx.o(.data)
    write_index                              0x24000038   Data           2  bsp_fdcan.o(.data)
    write_buffer                             0x2400003c   Data           4  bsp_fdcan.o(.data)
    process_buffer                           0x24000040   Data           4  bsp_fdcan.o(.data)
    pxCurrentTCB                             0x24000044   Data           4  tasks.o(.data)
    CMD_START                                0x240000b4   Data           1  globals.o(.data)
    maxvalue                                 0x240000b8   Data           4  globals.o(.data)
    HSThreshhold1                            0x240000bc   Data           4  globals.o(.data)
    HSThreshhold2                            0x240000c0   Data           4  globals.o(.data)
    rise_time                                0x240000c4   Data           4  globals.o(.data)
    fall_time                                0x240000c8   Data           4  globals.o(.data)
    trajectoryValue                          0x240000cc   Data           4  globals.o(.data)
    gaitCycleDuration                        0x240000d0   Data           4  globals.o(.data)
    lastHeelStrikeTime                       0x240000d4   Data           4  globals.o(.data)
    voltage                                  0x240000d8   Data           4  globals.o(.data)
    hadc1                                    0x24000330   Data         100  adc.o(.bss)
    hdma_adc1                                0x24000394   Data         120  adc.o(.bss)
    hfdcan1                                  0x2400040c   Data         160  fdcan.o(.bss)
    huart1                                   0x240004ac   Data         144  usart.o(.bss)
    hdma_usart1_tx                           0x2400053c   Data         120  usart.o(.bss)
    hdma_usart1_rx                           0x240005b4   Data         120  usart.o(.bss)
    htim2                                    0x2400062c   Data          76  stm32h7xx_hal_timebase_tim.o(.bss)
    xUART1                                   0x24000678   Data         258  bsp_usart1.o(.bss)
    hfdcan1_RX_Filter0                       0x2400097c   Data          32  bsp_fdcan.o(.bss)
    FDCAN1_TxHeader                          0x2400099c   Data          36  bsp_fdcan.o(.bss)
    FDCAN1_RxHeader                          0x240009c0   Data          40  bsp_fdcan.o(.bss)
    latest_motor_data                        0x240009e8   Data          20  bsp_fdcan.o(.bss)
    buffer1                                  0x240009fc   Data        2560  bsp_fdcan.o(.bss)
    buffer2                                  0x240013fc   Data        2560  bsp_fdcan.o(.bss)
    error_list                               0x24006eec   Data          36  detect_task.o(.bss)
    __initial_sp                             0x24008f10   Data           0  startup_stm32h743xx.o(STACK)



==============================================================================

Memory Map of the image

  Image Entry point : 0x08000299

  Load Region LR_IROM1 (Base: 0x08000000, Size: 0x00009a18, Max: 0x00200000, ABSOLUTE)

    Execution Region ER_IROM1 (Base: 0x08000000, Size: 0x0000993c, Max: 0x00200000, ABSOLUTE)

    Base Addr    Size         Type   Attr      Idx    E Section Name        Object

    0x08000000   0x00000298   Data   RO            3    RESET               startup_stm32h743xx.o
    0x08000298   0x00000000   Code   RO         7486  * .ARM.Collect$$$$00000000  mc_w.l(entry.o)
    0x08000298   0x00000004   Code   RO         7527    .ARM.Collect$$$$00000001  mc_w.l(entry2.o)
    0x0800029c   0x00000004   Code   RO         7530    .ARM.Collect$$$$00000004  mc_w.l(entry5.o)
    0x080002a0   0x00000000   Code   RO         7532    .ARM.Collect$$$$00000008  mc_w.l(entry7b.o)
    0x080002a0   0x00000000   Code   RO         7534    .ARM.Collect$$$$0000000A  mc_w.l(entry8b.o)
    0x080002a0   0x00000008   Code   RO         7535    .ARM.Collect$$$$0000000B  mc_w.l(entry9a.o)
    0x080002a8   0x00000000   Code   RO         7537    .ARM.Collect$$$$0000000D  mc_w.l(entry10a.o)
    0x080002a8   0x00000000   Code   RO         7539    .ARM.Collect$$$$0000000F  mc_w.l(entry11a.o)
    0x080002a8   0x00000004   Code   RO         7528    .ARM.Collect$$$$00002712  mc_w.l(entry2.o)
    0x080002ac   0x000000be   Code   RO         7236    .emb_text           port.o
    0x0800036a   0x00000002   PAD
    0x0800036c   0x00000024   Code   RO            4    .text               startup_stm32h743xx.o
    0x08000390   0x00000062   Code   RO         7489    .text               mc_w.l(uldiv.o)
    0x080003f2   0x00000024   Code   RO         7491    .text               mc_w.l(memcpya.o)
    0x08000416   0x00000024   Code   RO         7495    .text               mc_w.l(memseta.o)
    0x0800043a   0x0000002c   Code   RO         7544    .text               mc_w.l(uidiv.o)
    0x08000466   0x0000001e   Code   RO         7546    .text               mc_w.l(llshl.o)
    0x08000484   0x00000020   Code   RO         7548    .text               mc_w.l(llushr.o)
    0x080004a4   0x00000000   Code   RO         7550    .text               mc_w.l(iusefp.o)
    0x080004a4   0x0000014e   Code   RO         7551    .text               mf_w.l(dadd.o)
    0x080005f2   0x000000e4   Code   RO         7553    .text               mf_w.l(dmul.o)
    0x080006d6   0x000000de   Code   RO         7555    .text               mf_w.l(ddiv.o)
    0x080007b4   0x00000030   Code   RO         7557    .text               mf_w.l(dfixul.o)
    0x080007e4   0x00000030   Code   RO         7559    .text               mf_w.l(cdrcmple.o)
    0x08000814   0x00000024   Code   RO         7561    .text               mc_w.l(init.o)
    0x08000838   0x00000024   Code   RO         7564    .text               mc_w.l(llsshr.o)
    0x0800085c   0x000000ba   Code   RO         7567    .text               mf_w.l(depilogue.o)
    0x08000916   0x00000002   PAD
    0x08000918   0x00000108   Code   RO         1673    i.ADC_ConfigureBoostMode  stm32h7xx_hal_adc.o
    0x08000a20   0x00000068   Code   RO         1675    i.ADC_DMAConvCplt   stm32h7xx_hal_adc.o
    0x08000a88   0x0000001a   Code   RO         1676    i.ADC_DMAError      stm32h7xx_hal_adc.o
    0x08000aa2   0x0000000a   Code   RO         1677    i.ADC_DMAHalfConvCplt  stm32h7xx_hal_adc.o
    0x08000aac   0x000000a8   Code   RO         1679    i.ADC_Enable        stm32h7xx_hal_adc.o
    0x08000b54   0x00000002   Code   RO          509    i.BusFault_Handler  stm32h7xx_it.o
    0x08000b56   0x00000002   PAD
    0x08000b58   0x0000000c   Code   RO          510    i.DMA1_Stream0_IRQHandler  stm32h7xx_it.o
    0x08000b64   0x0000000c   Code   RO          511    i.DMA1_Stream1_IRQHandler  stm32h7xx_it.o
    0x08000b70   0x0000000c   Code   RO          512    i.DMA1_Stream4_IRQHandler  stm32h7xx_it.o
    0x08000b7c   0x000000b4   Code   RO         2766    i.DMA_CalcBaseAndBitshift  stm32h7xx_hal_dma.o
    0x08000c30   0x0000009c   Code   RO         2767    i.DMA_CalcDMAMUXChannelBaseAndMask  stm32h7xx_hal_dma.o
    0x08000ccc   0x00000074   Code   RO         2768    i.DMA_CalcDMAMUXRequestGenBaseAndMask  stm32h7xx_hal_dma.o
    0x08000d40   0x00000054   Code   RO         2769    i.DMA_CheckFifoParam  stm32h7xx_hal_dma.o
    0x08000d94   0x00000220   Code   RO         2770    i.DMA_SetConfig     stm32h7xx_hal_dma.o
    0x08000fb4   0x00000002   Code   RO          513    i.DebugMon_Handler  stm32h7xx_it.o
    0x08000fb6   0x00000004   Code   RO           13    i.Error_Handler     main.o
    0x08000fba   0x00000002   PAD
    0x08000fbc   0x0000000c   Code   RO          514    i.FDCAN1_IT0_IRQHandler  stm32h7xx_it.o
    0x08000fc8   0x00000020   Code   RO         5872    i.FDCAN1_Interrupt_Init  bsp_fdcan.o
    0x08000fe8   0x00000034   Code   RO         5873    i.FDCAN1_RX_Filter0_Init  bsp_fdcan.o
    0x0800101c   0x0000000c   Code   RO         5874    i.FDCAN1_Start      bsp_fdcan.o
    0x08001028   0x000001c8   Code   RO         4514    i.FDCAN_CalcultateRamBlockAddresses  stm32h7xx_hal_fdcan.o
    0x080011f0   0x00000070   Code   RO         4515    i.FDCAN_CopyMessageToRAM  stm32h7xx_hal_fdcan.o
    0x08001260   0x00000128   Code   RO         1915    i.HAL_ADCEx_MultiModeConfigChannel  stm32h7xx_hal_adc_ex.o
    0x08001388   0x000003d8   Code   RO         1681    i.HAL_ADC_ConfigChannel  stm32h7xx_hal_adc.o
    0x08001760   0x00000002   Code   RO         1682    i.HAL_ADC_ConvCpltCallback  stm32h7xx_hal_adc.o
    0x08001762   0x00000002   Code   RO         1683    i.HAL_ADC_ConvHalfCpltCallback  stm32h7xx_hal_adc.o
    0x08001764   0x00000002   Code   RO         1685    i.HAL_ADC_ErrorCallback  stm32h7xx_hal_adc.o
    0x08001766   0x00000002   PAD
    0x08001768   0x00000228   Code   RO         1690    i.HAL_ADC_Init      stm32h7xx_hal_adc.o
    0x08001990   0x000000d8   Code   RO          360    i.HAL_ADC_MspInit   adc.o
    0x08001a68   0x00000108   Code   RO         1697    i.HAL_ADC_Start_DMA  stm32h7xx_hal_adc.o
    0x08001b70   0x00000360   Code   RO         2771    i.HAL_DMA_Abort     stm32h7xx_hal_dma.o
    0x08001ed0   0x00000284   Code   RO         2772    i.HAL_DMA_Abort_IT  stm32h7xx_hal_dma.o
    0x08002154   0x000006e8   Code   RO         2776    i.HAL_DMA_IRQHandler  stm32h7xx_hal_dma.o
    0x0800283c   0x000003c4   Code   RO         2777    i.HAL_DMA_Init      stm32h7xx_hal_dma.o
    0x08002c00   0x0000029c   Code   RO         2781    i.HAL_DMA_Start_IT  stm32h7xx_hal_dma.o
    0x08002e9c   0x00000088   Code   RO         4517    i.HAL_FDCAN_ActivateNotification  stm32h7xx_hal_fdcan.o
    0x08002f24   0x00000066   Code   RO         4519    i.HAL_FDCAN_AddMessageToTxFifoQ  stm32h7xx_hal_fdcan.o
    0x08002f8a   0x00000002   Code   RO         4520    i.HAL_FDCAN_ClockCalibrationCallback  stm32h7xx_hal_fdcan.o
    0x08002f8c   0x0000007e   Code   RO         4524    i.HAL_FDCAN_ConfigFilter  stm32h7xx_hal_fdcan.o
    0x0800300a   0x00000002   Code   RO         4546    i.HAL_FDCAN_ErrorCallback  stm32h7xx_hal_fdcan.o
    0x0800300c   0x00000002   Code   RO         4547    i.HAL_FDCAN_ErrorStatusCallback  stm32h7xx_hal_fdcan.o
    0x0800300e   0x00000002   PAD
    0x08003010   0x00000194   Code   RO         4558    i.HAL_FDCAN_GetRxMessage  stm32h7xx_hal_fdcan.o
    0x080031a4   0x00000002   Code   RO         4564    i.HAL_FDCAN_HighPriorityMessageCallback  stm32h7xx_hal_fdcan.o
    0x080031a6   0x00000002   PAD
    0x080031a8   0x00000318   Code   RO         4565    i.HAL_FDCAN_IRQHandler  stm32h7xx_hal_fdcan.o
    0x080034c0   0x00000244   Code   RO         4566    i.HAL_FDCAN_Init    stm32h7xx_hal_fdcan.o
    0x08003704   0x00000098   Code   RO          426    i.HAL_FDCAN_MspInit  fdcan.o
    0x0800379c   0x00000002   Code   RO         4575    i.HAL_FDCAN_RxBufferNewMessageCallback  stm32h7xx_hal_fdcan.o
    0x0800379e   0x00000002   PAD
    0x080037a0   0x00000174   Code   RO         5875    i.HAL_FDCAN_RxFifo0Callback  bsp_fdcan.o
    0x08003914   0x00000002   Code   RO         4577    i.HAL_FDCAN_RxFifo1Callback  stm32h7xx_hal_fdcan.o
    0x08003916   0x00000032   Code   RO         4578    i.HAL_FDCAN_Start   stm32h7xx_hal_fdcan.o
    0x08003948   0x00000002   Code   RO         4600    i.HAL_FDCAN_TT_GlobalTimeCallback  stm32h7xx_hal_fdcan.o
    0x0800394a   0x00000002   Code   RO         4601    i.HAL_FDCAN_TT_ScheduleSyncCallback  stm32h7xx_hal_fdcan.o
    0x0800394c   0x00000002   Code   RO         4606    i.HAL_FDCAN_TT_StopWatchCallback  stm32h7xx_hal_fdcan.o
    0x0800394e   0x00000002   Code   RO         4607    i.HAL_FDCAN_TT_TimeMarkCallback  stm32h7xx_hal_fdcan.o
    0x08003950   0x00000002   Code   RO         4608    i.HAL_FDCAN_TimeoutOccurredCallback  stm32h7xx_hal_fdcan.o
    0x08003952   0x00000002   Code   RO         4609    i.HAL_FDCAN_TimestampWraparoundCallback  stm32h7xx_hal_fdcan.o
    0x08003954   0x00000002   Code   RO         4610    i.HAL_FDCAN_TxBufferAbortCallback  stm32h7xx_hal_fdcan.o
    0x08003956   0x00000002   Code   RO         4611    i.HAL_FDCAN_TxBufferCompleteCallback  stm32h7xx_hal_fdcan.o
    0x08003958   0x00000002   Code   RO         4612    i.HAL_FDCAN_TxEventFifoCallback  stm32h7xx_hal_fdcan.o
    0x0800395a   0x00000002   Code   RO         4613    i.HAL_FDCAN_TxFifoEmptyCallback  stm32h7xx_hal_fdcan.o
    0x0800395c   0x0000022c   Code   RO         2619    i.HAL_GPIO_Init     stm32h7xx_hal_gpio.o
    0x08003b88   0x0000000c   Code   RO         3632    i.HAL_GetREVID      stm32h7xx_hal.o
    0x08003b94   0x0000000c   Code   RO         3633    i.HAL_GetTick       stm32h7xx_hal.o
    0x08003ba0   0x00000010   Code   RO         3639    i.HAL_IncTick       stm32h7xx_hal.o
    0x08003bb0   0x0000005c   Code   RO         3640    i.HAL_Init          stm32h7xx_hal.o
    0x08003c0c   0x0000008c   Code   RO          627    i.HAL_InitTick      stm32h7xx_hal_timebase_tim.o
    0x08003c98   0x00000024   Code   RO          603    i.HAL_MspInit       stm32h7xx_hal_msp.o
    0x08003cbc   0x0000001a   Code   RO         3479    i.HAL_NVIC_EnableIRQ  stm32h7xx_hal_cortex.o
    0x08003cd6   0x00000002   PAD
    0x08003cd8   0x00000040   Code   RO         3485    i.HAL_NVIC_SetPriority  stm32h7xx_hal_cortex.o
    0x08003d18   0x00000024   Code   RO         3486    i.HAL_NVIC_SetPriorityGrouping  stm32h7xx_hal_cortex.o
    0x08003d3c   0x00000054   Code   RO         3220    i.HAL_PWREx_ConfigSupply  stm32h7xx_hal_pwr_ex.o
    0x08003d90   0x00000024   Code   RO         2240    i.HAL_RCCEx_GetD3PCLK1Freq  stm32h7xx_hal_rcc_ex.o
    0x08003db4   0x00000148   Code   RO         2241    i.HAL_RCCEx_GetPLL1ClockFreq  stm32h7xx_hal_rcc_ex.o
    0x08003efc   0x00000144   Code   RO         2242    i.HAL_RCCEx_GetPLL2ClockFreq  stm32h7xx_hal_rcc_ex.o
    0x08004040   0x00000144   Code   RO         2243    i.HAL_RCCEx_GetPLL3ClockFreq  stm32h7xx_hal_rcc_ex.o
    0x08004184   0x0000026c   Code   RO         2245    i.HAL_RCCEx_GetPeriphCLKFreq  stm32h7xx_hal_rcc_ex.o
    0x080043f0   0x000008d2   Code   RO         2249    i.HAL_RCCEx_PeriphCLKConfig  stm32h7xx_hal_rcc_ex.o
    0x08004cc2   0x00000002   PAD
    0x08004cc4   0x0000025c   Code   RO         2125    i.HAL_RCC_ClockConfig  stm32h7xx_hal_rcc.o
    0x08004f20   0x0000005c   Code   RO         2129    i.HAL_RCC_GetClockConfig  stm32h7xx_hal_rcc.o
    0x08004f7c   0x00000044   Code   RO         2130    i.HAL_RCC_GetHCLKFreq  stm32h7xx_hal_rcc.o
    0x08004fc0   0x00000024   Code   RO         2132    i.HAL_RCC_GetPCLK1Freq  stm32h7xx_hal_rcc.o
    0x08004fe4   0x00000024   Code   RO         2133    i.HAL_RCC_GetPCLK2Freq  stm32h7xx_hal_rcc.o
    0x08005008   0x00000138   Code   RO         2134    i.HAL_RCC_GetSysClockFreq  stm32h7xx_hal_rcc.o
    0x08005140   0x00000530   Code   RO         2137    i.HAL_RCC_OscConfig  stm32h7xx_hal_rcc.o
    0x08005670   0x00000002   Code   RO         1382    i.HAL_TIMEx_Break2Callback  stm32h7xx_hal_tim_ex.o
    0x08005672   0x00000002   Code   RO         1383    i.HAL_TIMEx_BreakCallback  stm32h7xx_hal_tim_ex.o
    0x08005674   0x00000002   Code   RO         1384    i.HAL_TIMEx_CommutCallback  stm32h7xx_hal_tim_ex.o
    0x08005676   0x00000062   Code   RO          668    i.HAL_TIM_Base_Init  stm32h7xx_hal_tim.o
    0x080056d8   0x00000002   Code   RO          670    i.HAL_TIM_Base_MspInit  stm32h7xx_hal_tim.o
    0x080056da   0x00000002   PAD
    0x080056dc   0x0000008c   Code   RO          673    i.HAL_TIM_Base_Start_IT  stm32h7xx_hal_tim.o
    0x08005768   0x00000002   Code   RO          702    i.HAL_TIM_IC_CaptureCallback  stm32h7xx_hal_tim.o
    0x0800576a   0x00000182   Code   RO          716    i.HAL_TIM_IRQHandler  stm32h7xx_hal_tim.o
    0x080058ec   0x00000002   Code   RO          719    i.HAL_TIM_OC_DelayElapsedCallback  stm32h7xx_hal_tim.o
    0x080058ee   0x00000002   Code   RO          746    i.HAL_TIM_PWM_PulseFinishedCallback  stm32h7xx_hal_tim.o
    0x080058f0   0x0000000e   Code   RO           14    i.HAL_TIM_PeriodElapsedCallback  main.o
    0x080058fe   0x00000002   Code   RO          759    i.HAL_TIM_TriggerCallback  stm32h7xx_hal_tim.o
    0x08005900   0x00000040   Code   RO         5552    i.HAL_UARTEx_DisableFifoMode  stm32h7xx_hal_uart_ex.o
    0x08005940   0x00000052   Code   RO         5557    i.HAL_UARTEx_ReceiveToIdle_DMA  stm32h7xx_hal_uart_ex.o
    0x08005992   0x00000002   PAD
    0x08005994   0x00000044   Code   RO         5701    i.HAL_UARTEx_RxEventCallback  bsp_usart1.o
    0x080059d8   0x00000002   Code   RO         5559    i.HAL_UARTEx_RxFifoFullCallback  stm32h7xx_hal_uart_ex.o
    0x080059da   0x0000004c   Code   RO         5560    i.HAL_UARTEx_SetRxFifoThreshold  stm32h7xx_hal_uart_ex.o
    0x08005a26   0x0000004c   Code   RO         5561    i.HAL_UARTEx_SetTxFifoThreshold  stm32h7xx_hal_uart_ex.o
    0x08005a72   0x00000002   Code   RO         5563    i.HAL_UARTEx_TxFifoEmptyCallback  stm32h7xx_hal_uart_ex.o
    0x08005a74   0x00000002   Code   RO         5564    i.HAL_UARTEx_WakeupCallback  stm32h7xx_hal_uart_ex.o
    0x08005a76   0x00000002   Code   RO         5157    i.HAL_UART_ErrorCallback  stm32h7xx_hal_uart.o
    0x08005a78   0x00000360   Code   RO         5160    i.HAL_UART_IRQHandler  stm32h7xx_hal_uart.o
    0x08005dd8   0x0000006a   Code   RO         5161    i.HAL_UART_Init     stm32h7xx_hal_uart.o
    0x08005e42   0x00000002   PAD
    0x08005e44   0x00000110   Code   RO          468    i.HAL_UART_MspInit  usart.o
    0x08005f54   0x00000002   Code   RO         5168    i.HAL_UART_RxCpltCallback  stm32h7xx_hal_uart.o
    0x08005f56   0x00000002   Code   RO         5169    i.HAL_UART_RxHalfCpltCallback  stm32h7xx_hal_uart.o
    0x08005f58   0x000000be   Code   RO         5170    i.HAL_UART_Transmit  stm32h7xx_hal_uart.o
    0x08006016   0x00000002   Code   RO         5173    i.HAL_UART_TxCpltCallback  stm32h7xx_hal_uart.o
    0x08006018   0x00000002   Code   RO          515    i.HardFault_Handler  stm32h7xx_it.o
    0x0800601a   0x00000008   Code   RO         1702    i.LL_ADC_INJ_IsConversionOngoing  stm32h7xx_hal_adc.o
    0x08006022   0x00000008   Code   RO         1703    i.LL_ADC_REG_IsConversionOngoing  stm32h7xx_hal_adc.o
    0x0800602a   0x00000008   Code   RO         1925    i.LL_ADC_REG_IsConversionOngoing  stm32h7xx_hal_adc_ex.o
    0x08006032   0x00000010   Code   RO         1704    i.LL_ADC_REG_IsTriggerSourceSWStart  stm32h7xx_hal_adc.o
    0x08006042   0x0000001e   Code   RO         1706    i.LL_ADC_SetChannelSamplingTime  stm32h7xx_hal_adc.o
    0x08006060   0x00000098   Code   RO          361    i.MX_ADC1_Init      adc.o
    0x080060f8   0x0000004c   Code   RO          401    i.MX_DMA_Init       dma.o
    0x08006144   0x00000068   Code   RO          427    i.MX_FDCAN1_Init    fdcan.o
    0x080061ac   0x00000070   Code   RO          284    i.MX_FREERTOS_Init  freertos.o
    0x0800621c   0x00000068   Code   RO          260    i.MX_GPIO_Init      gpio.o
    0x08006284   0x00000068   Code   RO          469    i.MX_USART1_UART_Init  usart.o
    0x080062ec   0x00000002   Code   RO          516    i.MemManage_Handler  stm32h7xx_it.o
    0x080062ee   0x00000002   Code   RO          517    i.NMI_Handler       stm32h7xx_it.o
    0x080062f0   0x00000120   Code   RO         2252    i.RCCEx_PLL2_Config  stm32h7xx_hal_rcc_ex.o
    0x08006410   0x00000120   Code   RO         2253    i.RCCEx_PLL3_Config  stm32h7xx_hal_rcc_ex.o
    0x08006530   0x0000002c   Code   RO         7237    i.SysTick_Handler   port.o
    0x0800655c   0x000000b4   Code   RO           15    i.SystemClock_Config  main.o
    0x08006610   0x000000dc   Code   RO         5665    i.SystemInit        system_stm32h7xx.o
    0x080066ec   0x0000000c   Code   RO          518    i.TIM2_IRQHandler   stm32h7xx_it.o
    0x080066f8   0x000000c4   Code   RO          761    i.TIM_Base_SetConfig  stm32h7xx_hal_tim.o
    0x080067bc   0x00000044   Code   RO         5565    i.UARTEx_SetNbDataToProcess  stm32h7xx_hal_uart_ex.o
    0x08006800   0x000000c8   Code   RO         5175    i.UART_AdvFeatureConfig  stm32h7xx_hal_uart.o
    0x080068c8   0x00000060   Code   RO         5176    i.UART_CheckIdleState  stm32h7xx_hal_uart.o
    0x08006928   0x00000014   Code   RO         5177    i.UART_DMAAbortOnError  stm32h7xx_hal_uart.o
    0x0800693c   0x0000004e   Code   RO         5178    i.UART_DMAError     stm32h7xx_hal_uart.o
    0x0800698a   0x00000080   Code   RO         5179    i.UART_DMAReceiveCplt  stm32h7xx_hal_uart.o
    0x08006a0a   0x0000001c   Code   RO         5181    i.UART_DMARxHalfCplt  stm32h7xx_hal_uart.o
    0x08006a26   0x00000002   PAD
    0x08006a28   0x00000054   Code   RO         5187    i.UART_EndRxTransfer  stm32h7xx_hal_uart.o
    0x08006a7c   0x0000002e   Code   RO         5188    i.UART_EndTxTransfer  stm32h7xx_hal_uart.o
    0x08006aaa   0x00000002   PAD
    0x08006aac   0x000003ac   Code   RO         5193    i.UART_SetConfig    stm32h7xx_hal_uart.o
    0x08006e58   0x000000a8   Code   RO         5194    i.UART_Start_Receive_DMA  stm32h7xx_hal_uart.o
    0x08006f00   0x000000ca   Code   RO         5200    i.UART_WaitOnFlagUntilTimeout  stm32h7xx_hal_uart.o
    0x08006fca   0x00000002   PAD
    0x08006fcc   0x0000000c   Code   RO          519    i.USART1_IRQHandler  stm32h7xx_it.o
    0x08006fd8   0x00000002   Code   RO          520    i.UsageFault_Handler  stm32h7xx_it.o
    0x08006fda   0x00000002   PAD
    0x08006fdc   0x0000002c   Code   RO         7505    i.__0vsnprintf      mc_w.l(printfa.o)
    0x08007008   0x00000022   Code   RO         3492    i.__NVIC_SetPriority  stm32h7xx_hal_cortex.o
    0x0800702a   0x0000000e   Code   RO         7571    i.__scatterload_copy  mc_w.l(handlers.o)
    0x08007038   0x00000002   Code   RO         7572    i.__scatterload_null  mc_w.l(handlers.o)
    0x0800703a   0x0000000e   Code   RO         7573    i.__scatterload_zeroinit  mc_w.l(handlers.o)
    0x08007048   0x00000184   Code   RO         7507    i._fp_digits        mc_w.l(printfa.o)
    0x080071cc   0x000006dc   Code   RO         7508    i._printf_core      mc_w.l(printfa.o)
    0x080078a8   0x00000024   Code   RO         7509    i._printf_post_padding  mc_w.l(printfa.o)
    0x080078cc   0x0000002e   Code   RO         7510    i._printf_pre_padding  mc_w.l(printfa.o)
    0x080078fa   0x00000016   Code   RO         7511    i._snputc           mc_w.l(printfa.o)
    0x08007910   0x0000002a   Code   RO         5877    i.buffer_append_int32  bsp_fdcan.o
    0x0800793a   0x00000002   PAD
    0x0800793c   0x00000034   Code   RO         5878    i.comm_can_set_current  bsp_fdcan.o
    0x08007970   0x00000014   Code   RO         5879    i.comm_can_set_origin  bsp_fdcan.o
    0x08007984   0x00000034   Code   RO         5880    i.comm_can_set_pos  bsp_fdcan.o
    0x080079b8   0x00000034   Code   RO         5883    i.comm_can_transmit_eid  bsp_fdcan.o
    0x080079ec   0x000000c4   Code   RO         7313    i.detect_Task       detect_task.o
    0x08007ab0   0x0000004c   Code   RO         7314    i.detect_hook       detect_task.o
    0x08007afc   0x00000074   Code   RO         7315    i.detect_init       detect_task.o
    0x08007b70   0x00000010   Code   RO         6800    i.inHandlerMode     cmsis_os.o
    0x08007b80   0x0000004c   Code   RO           16    i.main              main.o
    0x08007bcc   0x0000000c   Code   RO         6802    i.makeFreeRtosPriority  cmsis_os.o
    0x08007bd8   0x0000011c   Code   RO         7399    i.motor_Task        motor_task.o
    0x08007cf4   0x00000010   Code   RO         6804    i.osDelay           cmsis_os.o
    0x08007d04   0x0000000a   Code   RO         6807    i.osKernelStart     cmsis_os.o
    0x08007d0e   0x00000012   Code   RO         6822    i.osMutexCreate     cmsis_os.o
    0x08007d20   0x00000050   Code   RO         6824    i.osMutexRelease    cmsis_os.o
    0x08007d70   0x00000068   Code   RO         6825    i.osMutexWait       cmsis_os.o
    0x08007dd8   0x00000046   Code   RO         6833    i.osSemaphoreCreate  cmsis_os.o
    0x08007e1e   0x00000002   PAD
    0x08007e20   0x00000050   Code   RO         6836    i.osSemaphoreRelease  cmsis_os.o
    0x08007e70   0x0000005c   Code   RO         6841    i.osThreadCreate    cmsis_os.o
    0x08007ecc   0x00000084   Code   RO         7461    i.profile_Task      profile_task.o
    0x08007f50   0x00000078   Code   RO         6462    i.prvAddCurrentTaskToDelayedList  tasks.o
    0x08007fc8   0x00000088   Code   RO         6463    i.prvAddNewTaskToReadyList  tasks.o
    0x08008050   0x00000040   Code   RO         6464    i.prvCheckTasksWaitingTermination  tasks.o
    0x08008090   0x00000024   Code   RO         6128    i.prvCopyDataFromQueue  queue.o
    0x080080b4   0x0000006e   Code   RO         6129    i.prvCopyDataToQueue  queue.o
    0x08008122   0x00000040   Code   RO         6465    i.prvDeleteTCB      tasks.o
    0x08008162   0x00000014   Code   RO         6130    i.prvGetDisinheritPriorityAfterTimeout  queue.o
    0x08008176   0x00000002   PAD
    0x08008178   0x00000050   Code   RO         7169    i.prvHeapInit       heap_4.o
    0x080081c8   0x00000028   Code   RO         6466    i.prvIdleTask       tasks.o
    0x080081f0   0x00000018   Code   RO         6131    i.prvInitialiseMutex  queue.o
    0x08008208   0x00000018   Code   RO         6132    i.prvInitialiseNewQueue  queue.o
    0x08008220   0x00000094   Code   RO         6467    i.prvInitialiseNewTask  tasks.o
    0x080082b4   0x00000060   Code   RO         6468    i.prvInitialiseTaskLists  tasks.o
    0x08008314   0x00000060   Code   RO         7170    i.prvInsertBlockIntoFreeList  heap_4.o
    0x08008374   0x0000001a   Code   RO         6133    i.prvIsQueueEmpty   queue.o
    0x0800838e   0x0000001e   Code   RO         6134    i.prvIsQueueFull    queue.o
    0x080083ac   0x00000024   Code   RO         6469    i.prvResetNextTaskUnblockTime  tasks.o
    0x080083d0   0x00000030   Code   RO         7238    i.prvTaskExitError  port.o
    0x08008400   0x00000068   Code   RO         6135    i.prvUnlockQueue    queue.o
    0x08008468   0x000000e8   Code   RO         7171    i.pvPortMalloc      heap_4.o
    0x08008550   0x00000018   Code   RO         6472    i.pvTaskIncrementMutexHeldCount  tasks.o
    0x08008568   0x0000002c   Code   RO         7239    i.pxPortInitialiseStack  port.o
    0x08008594   0x00000018   Code   RO         7317    i.toe_is_error      detect_task.o
    0x080085ac   0x00000040   Code   RO         5703    i.usart1_printf     bsp_usart1.o
    0x080085ec   0x00000026   Code   RO         6088    i.uxListRemove      list.o
    0x08008612   0x00000002   PAD
    0x08008614   0x00000018   Code   RO          288    i.vApplicationGetIdleTaskMemory  freertos.o
    0x0800862c   0x00000024   Code   RO          289    i.vApplicationStackOverflowHook  freertos.o
    0x08008650   0x00000016   Code   RO         6089    i.vListInitialise   list.o
    0x08008666   0x00000006   Code   RO         6090    i.vListInitialiseItem  list.o
    0x0800866c   0x0000003a   Code   RO         6091    i.vListInsert       list.o
    0x080086a6   0x00000018   Code   RO         6092    i.vListInsertEnd    list.o
    0x080086be   0x00000002   PAD
    0x080086c0   0x00000040   Code   RO         7241    i.vPortEnterCritical  port.o
    0x08008700   0x0000002c   Code   RO         7242    i.vPortExitCritical  port.o
    0x0800872c   0x00000064   Code   RO         7172    i.vPortFree         heap_4.o
    0x08008790   0x00000024   Code   RO         7243    i.vPortSetupTimerInterrupt  port.o
    0x080087b4   0x00000054   Code   RO         7244    i.vPortValidateInterruptPriority  port.o
    0x08008808   0x00000050   Code   RO         6480    i.vTaskDelay        tasks.o
    0x08008858   0x000000b0   Code   RO         6481    i.vTaskDelete       tasks.o
    0x08008908   0x00000010   Code   RO         6483    i.vTaskInternalSetTimeOutState  tasks.o
    0x08008918   0x0000000c   Code   RO         6484    i.vTaskMissedYield  tasks.o
    0x08008924   0x00000034   Code   RO         6486    i.vTaskPlaceOnEventList  tasks.o
    0x08008958   0x000000a8   Code   RO         6488    i.vTaskPriorityDisinheritAfterTimeout  tasks.o
    0x08008a00   0x00000088   Code   RO         6493    i.vTaskStartScheduler  tasks.o
    0x08008a88   0x00000010   Code   RO         6495    i.vTaskSuspendAll   tasks.o
    0x08008a98   0x00000090   Code   RO         6496    i.vTaskSwitchContext  tasks.o
    0x08008b28   0x00000104   Code   RO         7245    i.xPortStartScheduler  port.o
    0x08008c2c   0x00000018   Code   RO         6142    i.xQueueCreateMutex  queue.o
    0x08008c44   0x0000001c   Code   RO         6143    i.xQueueCreateMutexStatic  queue.o
    0x08008c60   0x00000044   Code   RO         6144    i.xQueueGenericCreate  queue.o
    0x08008ca4   0x00000070   Code   RO         6145    i.xQueueGenericCreateStatic  queue.o
    0x08008d14   0x00000090   Code   RO         6146    i.xQueueGenericReset  queue.o
    0x08008da4   0x00000170   Code   RO         6147    i.xQueueGenericSend  queue.o
    0x08008f14   0x000000a0   Code   RO         6149    i.xQueueGiveFromISR  queue.o
    0x08008fb4   0x0000009a   Code   RO         6155    i.xQueueReceiveFromISR  queue.o
    0x0800904e   0x00000002   PAD
    0x08009050   0x00000184   Code   RO         6156    i.xQueueSemaphoreTake  queue.o
    0x080091d4   0x00000080   Code   RO         6498    i.xTaskCheckForTimeOut  tasks.o
    0x08009254   0x0000006c   Code   RO         6499    i.xTaskCreate       tasks.o
    0x080092c0   0x00000060   Code   RO         6500    i.xTaskCreateStatic  tasks.o
    0x08009320   0x000000ec   Code   RO         6501    i.xTaskGenericNotify  tasks.o
    0x0800940c   0x0000001c   Code   RO         6504    i.xTaskGetSchedulerState  tasks.o
    0x08009428   0x0000000c   Code   RO         6505    i.xTaskGetTickCount  tasks.o
    0x08009434   0x000000d4   Code   RO         6507    i.xTaskIncrementTick  tasks.o
    0x08009508   0x00000090   Code   RO         6509    i.xTaskNotifyWait   tasks.o
    0x08009598   0x0000009c   Code   RO         6510    i.xTaskPriorityDisinherit  tasks.o
    0x08009634   0x00000094   Code   RO         6511    i.xTaskPriorityInherit  tasks.o
    0x080096c8   0x00000078   Code   RO         6512    i.xTaskRemoveFromEventList  tasks.o
    0x08009740   0x000000cc   Code   RO         6513    i.xTaskResumeAll    tasks.o
    0x0800980c   0x00000054   Data   RO          291    .constdata          freertos.o
    0x08009860   0x00000008   Data   RO         2783    .constdata          stm32h7xx_hal_dma.o
    0x08009868   0x0000005c   Data   RO         4614    .constdata          stm32h7xx_hal_fdcan.o
    0x080098c4   0x00000018   Data   RO         5201    .constdata          stm32h7xx_hal_uart.o
    0x080098dc   0x00000010   Data   RO         5566    .constdata          stm32h7xx_hal_uart_ex.o
    0x080098ec   0x00000010   Data   RO         5666    .constdata          system_stm32h7xx.o
    0x080098fc   0x00000006   Data   RO         7319    .constdata          detect_task.o
    0x08009902   0x00000002   PAD
    0x08009904   0x00000017   Data   RO          292    .conststring        freertos.o
    0x0800991b   0x00000001   PAD
    0x0800991c   0x00000020   Data   RO         7569    Region$$Table       anon$$obj.o


    Execution Region RW_IRAM1 (Base: 0x20000000, Size: 0x00000000, Max: 0x00020000, ABSOLUTE)

    **** No section assigned to this execution region ****


    Execution Region RW_IRAM2 (Base: 0x24000000, Size: 0x00008f10, Max: 0x00080000, ABSOLUTE)

    Base Addr    Size         Type   Attr      Idx    E Section Name        Object

    0x24000000   0x00000002   Data   RW           17    .data               main.o
    0x24000002   0x00000002   PAD
    0x24000004   0x00000014   Data   RW          293    .data               freertos.o
    0x24000018   0x0000000c   Data   RW         3662    .data               stm32h7xx_hal.o
    0x24000024   0x00000008   Data   RW         5667    .data               system_stm32h7xx.o
    0x2400002c   0x0000000c   Data   RW         5705    .data               bsp_usart1.o
    0x24000038   0x0000000c   Data   RW         5887    .data               bsp_fdcan.o
    0x24000044   0x0000003c   Data   RW         6516    .data               tasks.o
    0x24000080   0x00000020   Data   RW         7178    .data               heap_4.o
    0x240000a0   0x0000000c   Data   RW         7246    .data               port.o
    0x240000ac   0x00000008   Data   RW         7320    .data               detect_task.o
    0x240000b4   0x00000001   Data   RW         7432    .data               globals.o
    0x240000b5   0x00000003   PAD
    0x240000b8   0x00000004   Data   RW         7433    .data               globals.o
    0x240000bc   0x00000004   Data   RW         7434    .data               globals.o
    0x240000c0   0x00000004   Data   RW         7435    .data               globals.o
    0x240000c4   0x00000004   Data   RW         7436    .data               globals.o
    0x240000c8   0x00000004   Data   RW         7437    .data               globals.o
    0x240000cc   0x00000004   Data   RW         7438    .data               globals.o
    0x240000d0   0x00000004   Data   RW         7439    .data               globals.o
    0x240000d4   0x00000004   Data   RW         7440    .data               globals.o
    0x240000d8   0x00000004   Data   RW         7441    .data               globals.o
    0x240000dc   0x00000254   Zero   RW          290    .bss                freertos.o
    0x24000330   0x000000dc   Zero   RW          362    .bss                adc.o
    0x2400040c   0x000000a0   Zero   RW          428    .bss                fdcan.o
    0x240004ac   0x00000180   Zero   RW          470    .bss                usart.o
    0x2400062c   0x0000004c   Zero   RW          630    .bss                stm32h7xx_hal_timebase_tim.o
    0x24000678   0x00000302   Zero   RW         5704    .bss                bsp_usart1.o
    0x2400097a   0x00000002   PAD
    0x2400097c   0x00000080   Zero   RW         5884    .bss                bsp_fdcan.o
    0x240009fc   0x00000a00   Zero   RW         5885    .bss                bsp_fdcan.o
    0x240013fc   0x00000a00   Zero   RW         5886    .bss                bsp_fdcan.o
    0x24001dfc   0x000000f0   Zero   RW         6515    .bss                tasks.o
    0x24001eec   0x00005000   Zero   RW         7177    .bss                heap_4.o
    0x24006eec   0x00000024   Zero   RW         7318    .bss                detect_task.o
    0x24006f10   0x00002000   Zero   RW            1    STACK               startup_stm32h743xx.o


==============================================================================

Image component sizes


      Code (inc. data)   RO Data    RW Data    ZI Data      Debug   Object Name

       368         36          0          0        220       2095   adc.o
       686         82          0         12       5248       8179   bsp_fdcan.o
       132         24          0         12        770    1039528   bsp_usart1.o
       498         12          0          0          0      33475   cmsis_os.o
       412         34          6          8         36       4876   detect_task.o
        76          4          0          0          0        858   dma.o
         0          0          0          0          0      20064   event_groups.o
       256         22          0          0        160       1951   fdcan.o
       172         46        107         20        596       7694   freertos.o
         0          0          0         37          0        986   globals.o
       104         10          0          0          0        975   gpio.o
       508         32          0         32      20480       7811   heap_4.o
       148          0          0          0          0       3778   list.o
       274         30          0          2          0    1388569   main.o
       284         48          0          0          0       1297   motor_task.o
       814         92          0         12          0      12369   port.o
       132         24          0          0          0        719   profile_task.o
      1820         18          0          0          0      21774   queue.o
        36          8        664          0       8192        860   startup_stm32h743xx.o
       132         32          0         12          0      22209   stm32h7xx_hal.o
      2440        206          0          0          0      75414   stm32h7xx_hal_adc.o
       304         22          0          0          0      62879   stm32h7xx_hal_adc_ex.o
       160         12          0          0          0      38982   stm32h7xx_hal_cortex.o
      5988        246          8          0          0      12174   stm32h7xx_hal_dma.o
      2790         48         92          0          0      22153   stm32h7xx_hal_fdcan.o
       556         50          0          0          0       1600   stm32h7xx_hal_gpio.o
        36          4          0          0          0        894   stm32h7xx_hal_msp.o
        84          6          0          0          0        821   stm32h7xx_hal_pwr_ex.o
      2476        116          0          0          0       8005   stm32h7xx_hal_rcc.o
      4466        172          0          0          0      10651   stm32h7xx_hal_rcc_ex.o
       830         68          0          0          0       7732   stm32h7xx_hal_tim.o
         6          0          0          0          0       2296   stm32h7xx_hal_tim_ex.o
       140         18          0          0         76       1583   stm32h7xx_hal_timebase_tim.o
      3158        152         24          0          0      35644   stm32h7xx_hal_uart.o
       372          6         16          0          0       6609   stm32h7xx_hal_uart_ex.o
        84         36          0          0          0       6033   stm32h7xx_it.o
         0          0          0          0          0        392   stream_buffer.o
       220         40         16          8          0       1474   system_stm32h7xx.o
      3120        258          0         60        240      34014   tasks.o
       376         30          0          0        384       2172   usart.o

    ----------------------------------------------------------------------
     34502       2044        968        220      36404    2911589   Object Totals
         0          0         32          0          0          0   (incl. Generated)
        44          0          3          5          2          0   (incl. Padding)

    ----------------------------------------------------------------------

      Code (inc. data)   RO Data    RW Data    ZI Data      Debug   Library Member Name

         0          0          0          0          0          0   entry.o
         0          0          0          0          0          0   entry10a.o
         0          0          0          0          0          0   entry11a.o
         8          4          0          0          0          0   entry2.o
         4          0          0          0          0          0   entry5.o
         0          0          0          0          0          0   entry7b.o
         0          0          0          0          0          0   entry8b.o
         8          4          0          0          0          0   entry9a.o
        30          0          0          0          0          0   handlers.o
        36          8          0          0          0         68   init.o
         0          0          0          0          0          0   iusefp.o
        30          0          0          0          0         68   llshl.o
        36          0          0          0          0         68   llsshr.o
        32          0          0          0          0         68   llushr.o
        36          0          0          0          0         68   memcpya.o
        36          0          0          0          0        108   memseta.o
      2292         84          0          0          0        516   printfa.o
        44          0          0          0          0         80   uidiv.o
        98          0          0          0          0         92   uldiv.o
        48          0          0          0          0         68   cdrcmple.o
       334          0          0          0          0        148   dadd.o
       222          0          0          0          0        100   ddiv.o
       186          0          0          0          0        176   depilogue.o
        48          0          0          0          0         68   dfixul.o
       228          0          0          0          0         96   dmul.o

    ----------------------------------------------------------------------
      3758        100          0          0          0       1792   Library Totals
         2          0          0          0          0          0   (incl. Padding)

    ----------------------------------------------------------------------

      Code (inc. data)   RO Data    RW Data    ZI Data      Debug   Library Name

      2690        100          0          0          0       1136   mc_w.l
      1066          0          0          0          0        656   mf_w.l

    ----------------------------------------------------------------------
      3758        100          0          0          0       1792   Library Totals

    ----------------------------------------------------------------------

==============================================================================


      Code (inc. data)   RO Data    RW Data    ZI Data      Debug   

     38260       2144        968        220      36404    2890149   Grand Totals
     38260       2144        968        220      36404    2890149   ELF Image Totals
     38260       2144        968        220          0          0   ROM Totals

==============================================================================

    Total RO  Size (Code + RO Data)                39228 (  38.31kB)
    Total RW  Size (RW Data + ZI Data)             36624 (  35.77kB)
    Total ROM Size (Code + RO Data + RW Data)      39448 (  38.52kB)

==============================================================================

